2026-02-17 14:27:08.039   394-451   gralloc                 and...raphics.allocator@2.0-service  I  gralloc_unregister hnd=0xb4d39000, share_fd=8, format=1, internal_format=0x1, byte_stride=2880, flags=4, usage=0xb00, size=3686400, width=720, height=1280, internalWidth=720, internalHeight=1280, stride=720, base=0xb375c000, writeOwner=0, min_pgsz=4096
2026-02-17 14:27:08.039   394-451   gralloc                 and...raphics.allocator@2.0-service  I  gralloc=>free hnd=0xb4d39000, share_fd=8, format=1, internal_format=0x1, byte_stride=2880, flags=4, usage=0xb00, size=3686400, width=720, height=1280, internalWidth=720, internalHeight=1280, stride=720, base=0xb375c000, writeOwner=0, min_pgsz=4096
2026-02-17 14:27:08.040   425-842   gralloc                 surfaceflinger                       I  gralloc_register hnd=0xa4f79b80, share_fd=75, format=1, internal_format=0x1, byte_stride=2880, flags=4, usage=0xb00, size=3686400, width=720, height=1280, internalWidth=720, internalHeight=1280, stride=720, base=0xa391a000, writeOwner=0, min_pgsz=4096
2026-02-17 14:27:08.042   263-263   hwservicemanager        hwservicemanager                     I  getTransport: Cannot find entry android.hardware.graphics.mapper@3.0::IMapper/default in either framework or device manifest.
2026-02-17 14:27:08.042  5169-5218  Gralloc3                ru.m4bank.store                      W  mapper 3.x is not supported
2026-02-17 14:27:08.045   394-451   libc                    and...raphics.allocator@2.0-service  E  Access denied finding property "enable_ion_heap_id_mask_cam"
2026-02-17 14:27:08.050   535-562   WCND                    connmgr                              D  is_cp2_alive_ok: loop: /proc/mdbg/loopcheck is OK
2026-02-17 14:27:08.052   394-451   gralloc                 and...raphics.allocator@2.0-service  I  gralloc=>alloc hnd=0xb4d39000, share_fd=8, format=1, internal_format=0x1, byte_stride=2880, flags=4, usage=0xb00, size=3686400, width=720, height=1280, internalWidth=720, internalHeight=1280, stride=720, base=0xb375c000, writeOwner=0, min_pgsz=4096
2026-02-17 14:27:08.052   425-842   gralloc                 surfaceflinger                       I  gralloc_register hnd=0xa187a180, share_fd=68, format=1, internal_format=0x1, byte_stride=2880, flags=4, usage=0xb00, size=3686400, width=720, height=1280, internalWidth=720, internalHeight=1280, stride=720, base=0xa2870000, writeOwner=0, min_pgsz=4096
2026-02-17 14:27:08.053   394-394   libc                    and...raphics.allocator@2.0-service  E  Access denied finding property "enable_ion_heap_id_mask_cam"
2026-02-17 14:27:08.054   394-394   gralloc                 and...raphics.allocator@2.0-service  I  gralloc=>alloc hnd=0xb4d390c0, share_fd=9, format=1, internal_format=0x1, byte_stride=2880, flags=4, usage=0xb00, size=3686400, width=720, height=1280, internalWidth=720, internalHeight=1280, stride=720, base=0xb33d8000, writeOwner=0, min_pgsz=4096
2026-02-17 14:27:08.055   394-394   gralloc                 and...raphics.allocator@2.0-service  I  gralloc_unregister hnd=0xb4d390c0, share_fd=9, format=1, internal_format=0x1, byte_stride=2880, flags=4, usage=0xb00, size=3686400, width=720, height=1280, internalWidth=720, internalHeight=1280, stride=720, base=0xb33d8000, writeOwner=0, min_pgsz=4096
2026-02-17 14:27:08.055   394-394   gralloc                 and...raphics.allocator@2.0-service  I  gralloc=>free hnd=0xb4d390c0, share_fd=9, format=1, internal_format=0x1, byte_stride=2880, flags=4, usage=0xb00, size=3686400, width=720, height=1280, internalWidth=720, internalHeight=1280, stride=720, base=0xb33d8000, writeOwner=0, min_pgsz=4096
2026-02-17 14:27:08.055   425-842   gralloc                 surfaceflinger                       I  gralloc_register hnd=0xa187a600, share_fd=69, format=1, internal_format=0x1, byte_stride=2880, flags=4, usage=0xb00, size=3686400, width=720, height=1280, internalWidth=720, internalHeight=1280, stride=720, base=0xa24ec000, writeOwner=0, min_pgsz=4096
2026-02-17 14:27:08.056   394-451   gralloc                 and...raphics.allocator@2.0-service  I  gralloc_unregister hnd=0xb4d39000, share_fd=8, format=1, internal_format=0x1, byte_stride=2880, flags=4, usage=0xb00, size=3686400, width=720, height=1280, internalWidth=720, internalHeight=1280, stride=720, base=0xb375c000, writeOwner=0, min_pgsz=4096
2026-02-17 14:27:08.056   394-451   gralloc                 and...raphics.allocator@2.0-service  I  gralloc=>free hnd=0xb4d39000, share_fd=8, format=1, internal_format=0x1, byte_stride=2880, flags=4, usage=0xb00, size=3686400, width=720, height=1280, internalWidth=720, internalHeight=1280, stride=720, base=0xb375c000, writeOwner=0, min_pgsz=4096
2026-02-17 14:27:08.057   394-394   libc                    and...raphics.allocator@2.0-service  E  Access denied finding property "enable_ion_heap_id_mask_cam"
2026-02-17 14:27:08.067   394-394   gralloc                 and...raphics.allocator@2.0-service  I  gralloc=>alloc hnd=0xb4d39000, share_fd=8, format=1, internal_format=0x1, byte_stride=2880, flags=4, usage=0xb00, size=3686400, width=720, height=1280, internalWidth=720, internalHeight=1280, stride=720, base=0xb375c000, writeOwner=0, min_pgsz=4096
2026-02-17 14:27:08.068  5169-5218  gralloc                 ru.m4bank.store                      I  gralloc_register hnd=0x9a0a0c80, share_fd=68, format=1, internal_format=0x1, byte_stride=2880, flags=4, usage=0xb00, size=3686400, width=720, height=1280, internalWidth=720, internalHeight=1280, stride=720, base=0x8274e000, writeOwner=0, min_pgsz=4096
2026-02-17 14:27:08.069  5169-5218  libc                    ru.m4bank.store                      E  Access denied finding property "ro.vendor.sf.fbc"
2026-02-17 14:27:08.069  5169-5203  EventGDTLogger          ru.m4bank.store                      D  Session Event Type: SESSION_START
2026-02-17 14:27:08.069  5169-5218  libc                    ru.m4bank.store                      E  Access denied finding property "ro.vendor.gpu.fbc"
2026-02-17 14:27:08.069  5169-5218  libc                    ru.m4bank.store                      E  Access denied finding property "ro.vendor.whale2.afbc"
2026-02-17 14:27:08.069  5169-5203  SessionFirelogPublisher ru.m4bank.store                      D  Successfully logged Session Start event.
2026-02-17 14:27:08.071   425-842   gralloc                 surfaceflinger                       I  gralloc_register hnd=0xa187a6c0, share_fd=61, format=1, internal_format=0x1, byte_stride=2880, flags=4, usage=0xb00, size=3686400, width=720, height=1280, internalWidth=720, internalHeight=1280, stride=720, base=0xa2168000, writeOwner=0, min_pgsz=4096
2026-02-17 14:27:08.072   394-394   gralloc                 and...raphics.allocator@2.0-service  I  gralloc_unregister hnd=0xb4d39000, share_fd=8, format=1, internal_format=0x1, byte_stride=2880, flags=4, usage=0xb00, size=3686400, width=720, height=1280, internalWidth=720, internalHeight=1280, stride=720, base=0xb375c000, writeOwner=0, min_pgsz=4096
2026-02-17 14:27:08.072   394-394   gralloc                 and...raphics.allocator@2.0-service  I  gralloc=>free hnd=0xb4d39000, share_fd=8, format=1, internal_format=0x1, byte_stride=2880, flags=4, usage=0xb00, size=3686400, width=720, height=1280, internalWidth=720, internalHeight=1280, stride=720, base=0xb375c000, writeOwner=0, min_pgsz=4096
2026-02-17 14:27:08.072   515-1302  GNSSMGT                 ven...prd.hardware.gnss@2.0-service  D  watchdog: PowerState[UNKOWN STATE], gps_flag[0], readcount[0], idle time = 0, HeartCount = 0
2026-02-17 14:27:08.076  5169-5218  <no-tag>                ru.m4bank.store                      E  Shared attribute region not available to be mapped
2026-02-17 14:27:08.086  5169-5182  ru.m4bank.stor          ru.m4bank.store                      I  Background young concurrent copying GC freed 6311(507KB) AllocSpace objects, 2(40KB) LOS objects, 12% free, 2980KB/3403KB, paused 6.257ms total 91.615ms
2026-02-17 14:27:08.095   425-563   <no-tag>                surfaceflinger                       E  Shared attribute region not available to be mapped
2026-02-17 14:27:08.097  5169-5169  SessionLifecycleClient  ru.m4bank.store                      D  Session update received.
2026-02-17 14:27:08.101  5169-5204  SessionLifecycleClient  ru.m4bank.store                      D  Notified CRASHLYTICS of new session f3de5560ba394cd9b8c22b612fdcc243
2026-02-17 14:27:08.116   799-822   Surface                 system_server                        D  release Surface,mNativeObject=2584754176, this Surface(name=null)/@0x4b93bb7, caller: android.view.ViewRootImpl.destroySurface:1643 android.view.ViewRootImpl.dispatchDetachedFromWindow:4208 android.view.ViewRootImpl.doDie:7196 android.view.ViewRootImpl$ViewRootHandler.handleMessage:4580 android.os.Handler.dispatchMessage:107 android.os.Looper.loop:214 
2026-02-17 14:27:08.116   799-822   gralloc                 system_server                        I  gralloc_unregister hnd=0x8055f780, share_fd=312, format=1, internal_format=0x1, byte_stride=2880, flags=4, usage=0x966, size=3686400, width=720, height=1280, internalWidth=720, internalHeight=1280, stride=720, base=0x6ccc1000, writeOwner=48, min_pgsz=4096
2026-02-17 14:27:08.129  5169-5218  gralloc                 ru.m4bank.store                      I  gralloc_register hnd=0x9a0a0f80, share_fd=72, format=1, internal_format=0x1, byte_stride=2880, flags=4, usage=0xb00, size=3686400, width=720, height=1280, internalWidth=720, internalHeight=1280, stride=720, base=0x8214a000, writeOwner=0, min_pgsz=4096
2026-02-17 14:27:08.129  5169-5218  <no-tag>                ru.m4bank.store                      E  Shared attribute region not available to be mapped
2026-02-17 14:27:08.134   425-563   <no-tag>                surfaceflinger                       E  Shared attribute region not available to be mapped
2026-02-17 14:27:08.138   414-414   PowerHAL                ven...rd.hardware.power@4.0-service  D  ###Enter interaction_other scene bgn###
2026-02-17 14:27:08.138   414-414   PowerHAL                ven...rd.hardware.power@4.0-service  D  ###Enter interaction_other scene end###
2026-02-17 14:27:08.139  1291-1291  Surface                 com.android.launcher3                D  release Surface,mNativeObject=0, this Surface(name=null)/@0x386f98c, caller: android.view.ViewRootImpl.destroySurface:1643 android.view.ViewRootImpl.setWindowStopped:1589 android.view.WindowManagerGlobal.setStoppedState:709 android.app.Activity.performStop:8098 android.app.ActivityThread.callActivityOnStop:4713 android.app.ActivityThread.performStopActivityInner:4691 
2026-02-17 14:27:08.142   799-826   ActivityTaskManager     system_server                        I  Displayed ru.m4bank.store/.ui.activity.view.UpdateSelfActivity: +1s474ms
2026-02-17 14:27:08.144   799-5161  AlarmManagerService     system_server                        D  set alarm to kernel: 3311.881000000, type=3 
2026-02-17 14:27:08.144   799-5161  AlarmManagerService     system_server                        D  set alarm to kernel: 3290.023000000, type=2 
2026-02-17 14:27:08.170   395-581   gralloc                 and...graphics.composer@2.1-service  I  gralloc_register hnd=0xa6442440, share_fd=45, format=1, internal_format=0x1, byte_stride=2880, flags=4, usage=0xb00, size=3686400, width=720, height=1280, internalWidth=720, internalHeight=1280, stride=720, base=0xa3483000, writeOwner=0, min_pgsz=4096
2026-02-17 14:27:08.170   395-581   DPUModule               and...graphics.composer@2.1-service  W  Warning: Dispc cannot support 5 layer blending(0)
2026-02-17 14:27:08.182   425-425   gralloc                 surfaceflinger                       I  gralloc_unregister hnd=0xa187a000, share_fd=87, format=1, internal_format=0x1, byte_stride=2880, flags=4, usage=0xb00, size=3686400, width=720, height=1280, internalWidth=720, internalHeight=1280, stride=720, base=0xa33fd000, writeOwner=0, min_pgsz=4096
2026-02-17 14:27:08.185   395-581   DPUModule               and...graphics.composer@2.1-service  W  Warning: Dispc cannot support 5 layer blending(0)
2026-02-17 14:27:08.195  1291-1319  droid.launcher          com.android.launcher3                W  Reducing the number of considered missed Gc histogram windows from 115 to 100
2026-02-17 14:27:08.203  1291-1321  gralloc                 com.android.launcher3                I  gralloc_unregister hnd=0xa402d100, share_fd=67, format=1, internal_format=0x1, byte_stride=320, flags=4, usage=0x366, size=40960, width=72, height=128, internalWidth=72, internalHeight=128, stride=80, base=0xa38fc000, writeOwner=0, min_pgsz=4096
2026-02-17 14:27:08.203   395-581   DPUModule               and...graphics.composer@2.1-service  W  Warning: Dispc cannot support 5 layer blending(0)
2026-02-17 14:27:08.204  1291-1321  gralloc                 com.android.launcher3                I  gralloc_unregister hnd=0x9a09fb40, share_fd=70, format=1, internal_format=0x1, byte_stride=320, flags=4, usage=0x366, size=40960, width=72, height=128, internalWidth=72, internalHeight=128, stride=80, base=0xa38f2000, writeOwner=0, min_pgsz=4096
2026-02-17 14:27:08.204  1291-1321  gralloc                 com.android.launcher3                I  gralloc_unregister hnd=0x9a0a0380, share_fd=82, format=1, internal_format=0x1, byte_stride=320, flags=4, usage=0x366, size=40960, width=72, height=128, internalWidth=72, internalHeight=128, stride=80, base=0xa312d000, writeOwner=0, min_pgsz=4096
2026-02-17 14:27:08.208  1291-1321  Surface                 com.android.launcher3                D  release Surface,mNativeObject=0, this Surface(name=null)/@0x9954b7b, caller: android.view.Surface.finalize:244 java.lang.Daemons$FinalizerDaemon.doFinalize:289 java.lang.Daemons$FinalizerDaemon.runInternal:276 java.lang.Daemons$Daemon.run:137 java.lang.Thread.run:919 <bottom of call stack> 
2026-02-17 14:27:08.208  1291-1321  Surface                 com.android.launcher3                D  release Surface,mNativeObject=0, this Surface(name=null)/@0xd1b8df3, caller: android.view.Surface.finalize:244 java.lang.Daemons$FinalizerDaemon.doFinalize:289 java.lang.Daemons$FinalizerDaemon.runInternal:276 java.lang.Daemons$Daemon.run:137 java.lang.Thread.run:919 <bottom of call stack> 
2026-02-17 14:27:08.209  1291-1321  gralloc                 com.android.launcher3                I  gralloc_unregister hnd=0x9a09fd80, share_fd=84, format=1, internal_format=0x1, byte_stride=320, flags=4, usage=0x366, size=40960, width=72, height=128, internalWidth=72, internalHeight=128, stride=80, base=0xa3245000, writeOwner=0, min_pgsz=4096
2026-02-17 14:27:08.209  1291-1321  gralloc                 com.android.launcher3                I  gralloc_unregister hnd=0x9a0a1100, share_fd=85, format=1, internal_format=0x1, byte_stride=320, flags=4, usage=0x366, size=40960, width=72, height=128, internalWidth=72, internalHeight=128, stride=80, base=0xa3205000, writeOwner=0, min_pgsz=4096
2026-02-17 14:27:08.211  1291-1321  gralloc                 com.android.launcher3                I  gralloc_unregister hnd=0x84feca80, share_fd=97, format=1, internal_format=0x1, byte_stride=320, flags=4, usage=0x366, size=40960, width=72, height=128, internalWidth=72, internalHeight=128, stride=80, base=0xa18c3000, writeOwner=0, min_pgsz=4096
2026-02-17 14:27:08.211  1291-1321  Surface                 com.android.launcher3                D  release Surface,mNativeObject=0, this Surface(name=null)/@0xa4306b3, caller: android.view.Surface.finalize:244 java.lang.Daemons$FinalizerDaemon.doFinalize:289 java.lang.Daemons$FinalizerDaemon.runInternal:276 java.lang.Daemons$Daemon.run:137 java.lang.Thread.run:919 <bottom of call stack> 
2026-02-17 14:27:08.212  1291-1321  Surface                 com.android.launcher3                D  release Surface,mNativeObject=0, this Surface(name=null)/@0x6edaab0, caller: android.view.Surface.finalize:244 java.lang.Daemons$FinalizerDaemon.doFinalize:289 java.lang.Daemons$FinalizerDaemon.runInternal:276 java.lang.Daemons$Daemon.run:137 java.lang.Thread.run:919 <bottom of call stack> 
2026-02-17 14:27:08.212  1291-1321  gralloc                 com.android.launcher3                I  gralloc_unregister hnd=0x9a0a1e80, share_fd=88, format=1, internal_format=0x1, byte_stride=320, flags=4, usage=0x366, size=40960, width=72, height=128, internalWidth=72, internalHeight=128, stride=80, base=0xa30fc000, writeOwner=0, min_pgsz=4096
2026-02-17 14:27:08.212  1291-1321  gralloc                 com.android.launcher3                I  gralloc_unregister hnd=0x84be8000, share_fd=91, format=1, internal_format=0x1, byte_stride=320, flags=4, usage=0x366, size=40960, width=72, height=128, internalWidth=72, internalHeight=128, stride=80, base=0xa30bd000, writeOwner=0, min_pgsz=4096
2026-02-17 14:27:08.212  1291-1321  gralloc                 com.android.launcher3                I  gralloc_unregister hnd=0x84fee100, share_fd=101, format=1, internal_format=0x1, byte_stride=320, flags=4, usage=0x366, size=40960, width=72, height=128, internalWidth=72, internalHeight=128, stride=80, base=0xa17f8000, writeOwner=0, min_pgsz=4096
2026-02-17 14:27:08.213  1291-1321  Surface                 com.android.launcher3                D  release Surface,mNativeObject=0, this Surface(name=null)/@0x6a4fce1, caller: android.view.Surface.finalize:244 java.lang.Daemons$FinalizerDaemon.doFinalize:289 java.lang.Daemons$FinalizerDaemon.runInternal:276 java.lang.Daemons$Daemon.run:137 java.lang.Thread.run:919 <bottom of call stack> 
2026-02-17 14:27:08.213  1291-1321  Surface                 com.android.launcher3                D  release Surface,mNativeObject=0, this Surface(name=null)/@0x1537d29, caller: android.view.Surface.finalize:244 java.lang.Daemons$FinalizerDaemon.doFinalize:289 java.lang.Daemons$FinalizerDaemon.runInternal:276 java.lang.Daemons$Daemon.run:137 java.lang.Thread.run:919 <bottom of call stack> 
2026-02-17 14:27:08.213  1291-1321  gralloc                 com.android.launcher3                I  gralloc_unregister hnd=0x9a09fa80, share_fd=80, format=1, internal_format=0x1, byte_stride=320, flags=4, usage=0x366, size=40960, width=72, height=128, internalWidth=72, internalHeight=128, stride=80, base=0xa3889000, writeOwner=0, min_pgsz=4096
2026-02-17 14:27:08.213  1291-1321  gralloc                 com.android.launcher3                I  gralloc_unregister hnd=0x80825fc0, share_fd=96, format=1, internal_format=0x1, byte_stride=320, flags=4, usage=0x366, size=40960, width=72, height=128, internalWidth=72, internalHeight=128, stride=80, base=0x97b11000, writeOwner=0, min_pgsz=4096
2026-02-17 14:27:08.214  1291-1321  Surface                 com.android.launcher3                D  release Surface,mNativeObject=0, this Surface(name=null)/@0xbddee44, caller: android.view.Surface.finalize:244 java.lang.Daemons$FinalizerDaemon.doFinalize:289 java.lang.Daemons$FinalizerDaemon.runInternal:276 java.lang.Daemons$Daemon.run:137 java.lang.Thread.run:919 <bottom of call stack> 
2026-02-17 14:27:08.214  1291-1321  Surface                 com.android.launcher3                D  release Surface,mNativeObject=0, this Surface(name=null)/@0x764f8ae, caller: android.view.Surface.finalize:244 java.lang.Daemons$FinalizerDaemon.doFinalize:289 java.lang.Daemons$FinalizerDaemon.runInternal:276 java.lang.Daemons$Daemon.run:137 java.lang.Thread.run:919 <bottom of call stack> 
2026-02-17 14:27:08.228   395-581   DPUModule               and...graphics.composer@2.1-service  W  Warning: Dispc cannot support 5 layer blending(0)
2026-02-17 14:27:08.288   395-581   chatty                  and...graphics.composer@2.1-service  I  uid=1000(system) HwBinder:395_2 identical 4 lines
2026-02-17 14:27:08.304   395-581   DPUModule               and...graphics.composer@2.1-service  W  Warning: Dispc cannot support 5 layer blending(0)
2026-02-17 14:27:08.321   395-581   gralloc                 and...graphics.composer@2.1-service  I  gralloc_unregister hnd=0xa64422c0, share_fd=30, format=1, internal_format=0x1, byte_stride=2880, flags=4, usage=0x966, size=3686400, width=720, height=1280, internalWidth=720, internalHeight=1280, stride=720, base=0xa3807000, writeOwner=0, min_pgsz=4096
2026-02-17 14:27:08.344   425-425   gralloc                 surfaceflinger                       I  gralloc_unregister hnd=0xa4f79580, share_fd=54, format=1, internal_format=0x1, byte_stride=2880, flags=4, usage=0x966, size=3686400, width=720, height=1280, internalWidth=720, internalHeight=1280, stride=720, base=0xa2bf4000, writeOwner=0, min_pgsz=4096
2026-02-17 14:27:08.371  2685-2685  adbd                    adbd                                 I  Tianyuan Current sh name:getprop
2026-02-17 14:27:09.859   414-414   PowerHAL                ven...rd.hardware.power@4.0-service  D  ###Exit launch scene bgn###
2026-02-17 14:27:09.861   414-414   PowerHAL                ven...rd.hardware.power@4.0-service  D  ###Exit launch scene end###
2026-02-17 14:27:10.073   515-1302  GNSSMGT                 ven...prd.hardware.gnss@2.0-service  D  watchdog: PowerState[UNKOWN STATE], gps_flag[0], readcount[0], idle time = 0, HeartCount = 0
2026-02-17 14:27:10.214   799-1584  TaskPersister           system_server                        E  File error accessing recents directory (directory doesn't exist?).
2026-02-17 14:27:10.308   799-966   WifiNetworkMonitor      system_server                        D  EVENT_WIFI_RSSI_CHANGED
2026-02-17 14:27:10.309   799-966   WifiNetworkMonitor      system_server                        E  Not any Obervers!!!
2026-02-17 14:27:10.309   799-967   WifiRssiLi...ncyMonitor system_server                        D  EVENT_WIFI_RSSI_LINKSPEED_FREQUENCY_CHANGED
2026-02-17 14:27:10.309   799-967   WifiRssiLi...ncyMonitor system_server                        D  Not any Obervers!!!
2026-02-17 14:27:10.929  1113-1552  GpioCtrl                com.android.systemui                 I  getGpioState fd=96
2026-02-17 14:27:10.929  1113-1552  GpioCtrl                com.android.systemui                 I  getGpioState=0
2026-02-17 14:27:10.929  1113-1552  StatusBar               com.android.systemui                 I  Trigger run: state=0  sleepTime=3000
2026-02-17 14:27:10.956  5169-5229  UpdateSelf...yPresenter ru.m4bank.store                      D  getStoreInfo
2026-02-17 14:27:10.957  5169-5229  AppVersionsManager      ru.m4bank.store                      D  getStoreVersion
2026-02-17 14:27:10.958  5169-5229  AppVersionsManager      ru.m4bank.store                      D  createAppVersionModel
2026-02-17 14:27:10.962  5169-5229  AppVersionsManager      ru.m4bank.store                      D  isAppInstalled: ru.m4bank.store
2026-02-17 14:27:11.019  5169-5229  AppVersionsManager      ru.m4bank.store                      D  allErrorApps
2026-02-17 14:27:11.019  5169-5229  AppVersionsManager      ru.m4bank.store                      D  errorReason: 
2026-02-17 14:27:11.022  5169-5229  FilesUtil               ru.m4bank.store                      D  getInstallingBuild: old build1682
2026-02-17 14:27:11.028  5169-5222  FeitianTerminalManager  ru.m4bank.store                      D  getSerialNumber
2026-02-17 14:27:12.073   515-1302  GNSSMGT                 ven...prd.hardware.gnss@2.0-service  D  watchdog: PowerState[UNKOWN STATE], gps_flag[0], readcount[0], idle time = 0, HeartCount = 0
2026-02-17 14:27:13.050   535-562   WCND                    connmgr                              D  is_cp2_alive_ok: open polling interface: /proc/mdbg/loopcheck, fd = 14
2026-02-17 14:27:13.151   535-562   WCND                    connmgr                              D  is_cp2_alive_ok: loop: /proc/mdbg/loopcheck is OK
2026-02-17 14:27:13.185   799-799   WindowManager           system_server                        W  removeWindowToken: Attempted to remove non-existing token: android.os.Binder@c356e41
2026-02-17 14:27:13.241  5169-5243  ProfileInstaller        ru.m4bank.store                      D  Skipping profile installation for ru.m4bank.store
2026-02-17 14:27:13.326   799-966   WifiNetworkMonitor      system_server                        D  EVENT_WIFI_RSSI_CHANGED
2026-02-17 14:27:13.326   799-967   WifiRssiLi...ncyMonitor system_server                        D  EVENT_WIFI_RSSI_LINKSPEED_FREQUENCY_CHANGED
2026-02-17 14:27:13.326   799-966   WifiNetworkMonitor      system_server                        E  Not any Obervers!!!
2026-02-17 14:27:13.326   799-967   WifiRssiLi...ncyMonitor system_server                        D  Not any Obervers!!!
2026-02-17 14:27:13.930  1113-1552  GpioCtrl                com.android.systemui                 I  getGpioState fd=96
2026-02-17 14:27:13.930  1113-1552  GpioCtrl                com.android.systemui                 I  getGpioState=0
2026-02-17 14:27:13.930  1113-1552  StatusBar               com.android.systemui                 I  Trigger run: state=0  sleepTime=3000
2026-02-17 14:27:14.073   515-1302  GNSSMGT                 ven...prd.hardware.gnss@2.0-service  D  watchdog: PowerState[UNKOWN STATE], gps_flag[0], readcount[0], idle time = 0, HeartCount = 0
2026-02-17 14:27:16.073   515-1302  GNSSMGT                 ven...prd.hardware.gnss@2.0-service  D  watchdog: PowerState[UNKOWN STATE], gps_flag[0], readcount[0], idle time = 0, HeartCount = 0
2026-02-17 14:27:16.181   383-5242  ResolverController      netd                                 E  No valid NAT64 prefix (100, <unspecified>/0)
2026-02-17 14:27:16.339   799-966   WifiNetworkMonitor      system_server                        D  EVENT_WIFI_RSSI_CHANGED
2026-02-17 14:27:16.339   799-966   WifiNetworkMonitor      system_server                        E  Not any Obervers!!!
2026-02-17 14:27:16.339   799-967   WifiRssiLi...ncyMonitor system_server                        D  EVENT_WIFI_RSSI_LINKSPEED_FREQUENCY_CHANGED
2026-02-17 14:27:16.340   799-967   WifiRssiLi...ncyMonitor system_server                        D  Not any Obervers!!!
2026-02-17 14:27:16.437  5169-5249  RetrofitNetworkClient   ru.m4bank.store                      V  Sending request: POST https://vtb.markets.paymob.ru/v2/software
                                                                                                    Headers: 
2026-02-17 14:27:16.438  5169-5250  RetrofitNetworkClient   ru.m4bank.store                      V  
                                                                                                    Body: {"serialNumber":"1508825150","applications":[{"build":1682,"errorReason":"","type":"ru.m4bank.store","version":"3.8.3.1682"}]}
2026-02-17 14:27:16.458  5169-5252  RetrofitNetworkClient   ru.m4bank.store                      V  
                                                                                                    Body: {"install":[{"link":"https://vtb.markets.paymob.ru/software/ru.armax.cashbox.paymobF20/paymob-F20-012-0.0.85_signedV2.apk","version":"0.0.85","type":"ru.armax.cashbox.paymobF20","logo50Link":"https://vtb.markets.paymob.ru/software/ru.armax.cashbox.paymobF20/logo50.png","logo200Link":"https://vtb.markets.paymob.ru/software/ru.armax.cashbox.paymobF20/logo200.png","title":"0.85 фискальное ядро Paymob ФФД 1.2(F20)","description":"description","stepInstall":false,"checkSum":"4a447b8eb5852b9708e155e135abcc47","canInstall":true,"buildVersion":85.0,"reason":"Обновление недоступно. Обратитесь к поставщику услуги","visibleInAppList":true,"forcedInstallation":false,"forcedStartAfterInstallation":false,"priority":999.0,"removable":true}],"delete":[],"checkInterval":1800.0,"autoLogUpload":false}
2026-02-17 14:27:16.458  5169-5251  RetrofitNetworkClient   ru.m4bank.store                      V  Received response for: https://vtb.markets.paymob.ru/v2/software
                                                                                                    Headers: date: Tue, 17 Feb 2026 11:27:16 GMT
                                                                                                    content-type: application/json
                                                                                                    vary: Accept-Encoding
                                                                                                    x-content-type-options: nosniff
                                                                                                    x-xss-protection: 1; mode=block
                                                                                                    cache-control: no-cache, no-store, max-age=0, must-revalidate
                                                                                                    pragma: no-cache
                                                                                                    expires: 0
                                                                                                    strict-transport-security: max-age=31536000; includeSubdomains; preload
                                                                                                    x-frame-options: SAMEORIGIN
                                                                                                    content-security-policy: script-src 'self' 'sha256-epfHad2QZXZLgp6wYaCqbNFkXh59Q4UDNhZGymAervc='; object-src 'none'; base-uri 'self'
                                                                                                    referrer-policy: strict-origin
                                                                                                    permissions-policy: accelerometer=(), camera=(), geolocation=(), gyroscope=(), magnetometer=(), microphone=(), payment=(), usb=()
                                                                                                    server: LB
2026-02-17 14:27:16.467  5169-5169  ApiManager$getSoftList  ru.m4bank.store                      D  getSoftList onResponse: code = 200
2026-02-17 14:27:16.468  5169-5169  ApiManager              ru.m4bank.store                      D  Received soft list
2026-02-17 14:27:16.473   799-3386  ActivityTaskManager     system_server                        I  START u0 {cmp=ru.m4bank.store/.ui.activity.view.GeneralActivity} from uid 10042, pid 5169
2026-02-17 14:27:16.476   414-414   PowerHAL                ven...rd.hardware.power@4.0-service  D  ###Enter launch scene bgn###
2026-02-17 14:27:16.478   414-414   PowerHAL                ven...rd.hardware.power@4.0-service  D  ###Enter launch scene end###
2026-02-17 14:27:16.480   799-948   SectionHabit            system_server                        D  updateFgTimeInner pkgName:ru.m4bank.store,type:2,data:package:ru.m4bank.store ,count :31,launchCountIndex:0,fgtime:1039,fgtimeIndex:1
2026-02-17 14:27:16.481   799-3386  ActivityTaskManager     system_server                        I  ->startActivity for ActivityRecord{5a80a7 u0 ru.m4bank.store/.ui.activity.view.GeneralActivity t104} result:START_SUCCESS
2026-02-17 14:27:16.488  5169-5169  StarterReceiver         ru.m4bank.store                      D  StarterReceiver action: InternalStartServicesActionName
2026-02-17 14:27:16.490  5169-5169  Starter                 ru.m4bank.store                      I  startService alarm
2026-02-17 14:27:16.491  5169-5169  Starter                 ru.m4bank.store                      I  timer: 1800000
2026-02-17 14:27:16.491  5169-5169  PollingUtil             ru.m4bank.store                      I  stopPollingService
2026-02-17 14:27:16.494  5169-5169  PollingUtil             ru.m4bank.store                      I  startPollingService.
2026-02-17 14:27:16.494   799-799   BroadcastQueue          system_server                        D  Add broadcast <BroadcastRecord{7bb0b3e u0 android.app.action.NEXT_ALARM_CLOCK_CHANGED}> into [parallel | background], pending size 0
2026-02-17 14:27:16.494   799-799   SettingsProvider        system_server                        V  Notifying for 0: content://settings/system/next_alarm_formatted
2026-02-17 14:27:16.495  5169-5169  PollingUtil             ru.m4bank.store                      I  next alarm: 1771329436494
2026-02-17 14:27:16.496   799-827   BroadcastQueue          system_server                        D  Done with parallel broadcast [background] [BroadcastRecord{7bb0b3e u0 android.app.action.NEXT_ALARM_CLOCK_CHANGED}]
2026-02-17 14:27:16.498   799-799   ConditionProviders.SCP  system_server                        D  onReceive android.app.action.NEXT_ALARM_CLOCK_CHANGED
2026-02-17 14:27:16.498   799-799   ConditionProviders.SCP  system_server                        D  evaluateSubscriptionLocked cal=ScheduleCalendar[mDays={1, 2, 3, 4, 5, 6, 7}, mSchedule=ScheduleInfo{days=[1, 2, 3, 4, 5, 6, 7], startHour=22, startMinute=0, endHour=7, endMinute=0, exitAtAlarm=true, nextAlarm=Tue Feb 17 14:57:07 GMT+03:00 2026 (1771329427847)}], now=Tue Feb 17 14:27:16 GMT+03:00 2026 (1771327636498), nextUserAlarmTime=Tue Feb 17 14:57:16 GMT+03:00 2026 (1771329436495)
2026-02-17 14:27:16.499   799-799   ConditionProviders.SCP  system_server                        D  notifyCondition condition://android/schedule?days=1.2.3.4.5.6.7&start=22.0&end=7.0&exitAtAlarm=true STATE_FALSE reason=!meetsSchedule
2026-02-17 14:27:16.499  1113-1113  AlarmManager            com.android.systemui                 W  Unrecognized alarm listener com.android.systemui.keyguard.-$$Lambda$KeyguardSliceProvider$IhzByd8TsqFuOrSyuGurVskyPLo@7aa6516
2026-02-17 14:27:16.500  5169-5202  SessionLifecycleClient  ru.m4bank.store                      D  Sending lifecycle 2 to service
2026-02-17 14:27:16.501  5169-5225  SessionLifecycleService ru.m4bank.store                      D  Activity backgrounding at 3268382
2026-02-17 14:27:16.501   799-2604  AlarmManagerService     system_server                        D  set alarm to kernel: 3273.381000000, type=3 
2026-02-17 14:27:16.504   799-799   AlarmManagerService     system_server                        D  set alarm to kernel: 0.000000000, type=3 
2026-02-17 14:27:16.504   799-799   ConditionProviders.SCP  system_server                        D  Scheduling evaluate for Tue Feb 17 22:00:00 GMT+03:00 2026 (1771354800000), in +7h32m43s502ms, now=Tue Feb 17 14:27:16 GMT+03:00 2026 (1771327636498)
2026-02-17 14:27:16.507   799-799   BroadcastQueue          system_server                        D  Add broadcast <BroadcastRecord{c63b4bb u0 android.app.action.NEXT_ALARM_CLOCK_CHANGED}> into [parallel | background], pending size 0
2026-02-17 14:27:16.507   799-3386  WindowManager           system_server                        V  Set focused app to: AppWindowToken{20d50fd token=Token{1e5d954 ActivityRecord{5a80a7 u0 ru.m4bank.store/.ui.activity.view.GeneralActivity t104}}} moveFocusNow=true displayId=0
2026-02-17 14:27:16.507   799-3386  WindowManager           system_server                        D  Input focus has changed to null
2026-02-17 14:27:16.508   799-948   SectionHabit            system_server                        D  update pkgName:ru.m4bank.store,type:2,data:package:ru.m4bank.store ,count :31,launchCountIndex:0,fgtime:8590,fgtimeIndex:0
2026-02-17 14:27:16.509   799-827   BroadcastQueue          system_server                        D  Done with parallel broadcast [background] [BroadcastRecord{c63b4bb u0 android.app.action.NEXT_ALARM_CLOCK_CHANGED}]
2026-02-17 14:27:16.509   799-799   SettingsProvider        system_server                        V  Notifying for 0: content://settings/system/next_alarm_formatted
2026-02-17 14:27:16.510   799-799   ConditionProviders.SCP  system_server                        D  onReceive android.app.action.NEXT_ALARM_CLOCK_CHANGED
2026-02-17 14:27:16.510   799-799   ConditionProviders.SCP  system_server                        D  evaluateSubscriptionLocked cal=ScheduleCalendar[mDays={1, 2, 3, 4, 5, 6, 7}, mSchedule=ScheduleInfo{days=[1, 2, 3, 4, 5, 6, 7], startHour=22, startMinute=0, endHour=7, endMinute=0, exitAtAlarm=true, nextAlarm=Tue Feb 17 14:57:07 GMT+03:00 2026 (1771329427847)}], now=Tue Feb 17 14:27:16 GMT+03:00 2026 (1771327636510), nextUserAlarmTime=Tue Feb 17 14:57:16 GMT+03:00 2026 (1771329436495)
2026-02-17 14:27:16.511   799-799   ConditionProviders.SCP  system_server                        D  notifyCondition condition://android/schedule?days=1.2.3.4.5.6.7&start=22.0&end=7.0&exitAtAlarm=true STATE_FALSE reason=!meetsSchedule
2026-02-17 14:27:16.512  5169-5169  ActivityThread          ru.m4bank.store                      W  handleWindowVisibility: no activity for token android.os.BinderProxy@f6d51
2026-02-17 14:27:16.513   799-799   ConditionProviders.SCP  system_server                        D  Scheduling evaluate for Tue Feb 17 22:00:00 GMT+03:00 2026 (1771354800000), in +7h32m43s490ms, now=Tue Feb 17 14:27:16 GMT+03:00 2026 (1771327636510)
2026-02-17 14:27:16.540  5169-5169  AppCompatViewInflater   ru.m4bank.store                      I  app:theme is now deprecated. Please move to using android:theme instead.
2026-02-17 14:27:16.543  1113-1113  KeyguardUpdateMonitor   com.android.systemui                 D  handleTimeUpdate
2026-02-17 14:27:16.543  1113-1113  KeyguardStatusView      com.android.systemui                 D  refeshFormat mClockView.getText() = 14:27
2026-02-17 14:27:16.545  1113-1113  KeyguardStatusView      com.android.systemui                 D  refreshTime mClockView.getText() = 14:27
2026-02-17 14:27:16.546  1113-1113  KeyguardClockSwitch     com.android.systemui                 D  Updating clock: 14:27
2026-02-17 14:27:16.547  1113-1113  AlarmManager            com.android.systemui                 W  Unrecognized alarm listener com.android.systemui.keyguard.-$$Lambda$KeyguardSliceProvider$IhzByd8TsqFuOrSyuGurVskyPLo@7aa6516
2026-02-17 14:27:16.548   799-3386  AlarmManagerService     system_server                        D  set alarm to kernel: 3273.429000000, type=3 
2026-02-17 14:27:16.553  1113-1113  KeyguardUpdateMonitor   com.android.systemui                 D  handleTimeUpdate
2026-02-17 14:27:16.553  1113-1113  KeyguardStatusView      com.android.systemui                 D  refeshFormat mClockView.getText() = 14:27
2026-02-17 14:27:16.559  1113-1113  KeyguardStatusView      com.android.systemui                 D  refreshTime mClockView.getText() = 14:27
2026-02-17 14:27:16.560  1113-1113  KeyguardClockSwitch     com.android.systemui                 D  Updating clock: 14:27
2026-02-17 14:27:16.613  5169-5169  ru.m4bank.stor          ru.m4bank.store                      W  Accessing hidden method Landroid/view/WindowInsets$Type;->ime()I (blacklist, linking, denied)
2026-02-17 14:27:16.615  5169-5169  ru.m4bank.stor          ru.m4bank.store                      W  Accessing hidden method Landroid/view/WindowInsetsAnimationController;->getTypes()I (blacklist, linking, denied)
2026-02-17 14:27:16.618  5169-5169  ru.m4bank.stor          ru.m4bank.store                      W  Accessing hidden method Landroid/view/WindowInsetsAnimationController;->getShownStateInsets()Landroid/graphics/Insets; (blacklist, linking, denied)
2026-02-17 14:27:16.627  5169-5169  ru.m4bank.stor          ru.m4bank.store                      W  Accessing hidden method Landroid/view/View;->getWindowInsetsController()Landroid/view/WindowInsetsController; (blacklist, linking, denied)
2026-02-17 14:27:16.631  5169-5169  ru.m4bank.stor          ru.m4bank.store                      W  Accessing hidden method Landroid/view/WindowInsetsController;->show(I)V (blacklist, linking, denied)
2026-02-17 14:27:16.635  5169-5169  ru.m4bank.stor          ru.m4bank.store                      W  Accessing hidden method Landroid/view/WindowInsetsAnimationController;->getCurrentInsets()Landroid/graphics/Insets; (blacklist, linking, denied)
2026-02-17 14:27:16.637  5169-5169  ru.m4bank.stor          ru.m4bank.store                      W  Accessing hidden method Landroid/view/WindowInsetsController;->hide(I)V (blacklist, linking, denied)
2026-02-17 14:27:16.639  5169-5169  ru.m4bank.stor          ru.m4bank.store                      W  Accessing hidden method Landroid/view/WindowInsetsAnimationController;->getHiddenStateInsets()Landroid/graphics/Insets; (blacklist, linking, denied)
2026-02-17 14:27:16.647  5169-5169  GeneralActivity         ru.m4bank.store                      D  start GeneralActivity
2026-02-17 14:27:16.649  5169-5169  BottomNavi...ViewHelper ru.m4bank.store                      D  java.lang.NoSuchFieldException: No field mShiftingMode in class Lcom/google/android/material/bottomnavigation/BottomNavigationMenuView; (declaration of 'com.google.android.material.bottomnavigation.BottomNavigationMenuView' appears in base.apk!classes4.dex)
                                                                                                    	at java.lang.Class.getDeclaredField(Native Method)
                                                                                                    	at ru.m4bank.store.ui.BottomNavigationViewHelper.removeShiftMode(BottomNavigationViewHelper.kt:16)
                                                                                                    	at ru.m4bank.store.manager.navigation.BottomBarNavigationManager.<init>(BottomBarNavigationManager.kt:24)
                                                                                                    	at ru.m4bank.store.ui.activity.view.GeneralActivity.onCreate(GeneralActivity.kt:37)
                                                                                                    	at android.app.Activity.performCreate(Activity.java:7879)
                                                                                                    	at android.app.Activity.performCreate(Activity.java:7867)
                                                                                                    	at android.app.Instrumentation.callActivityOnCreate(Instrumentation.java:1306)
                                                                                                    	at android.app.ActivityThread.performLaunchActivity(ActivityThread.java:3294)
                                                                                                    	at android.app.ActivityThread.handleLaunchActivity(ActivityThread.java:3475)
                                                                                                    	at android.app.servertransaction.LaunchActivityItem.execute(LaunchActivityItem.java:83)
                                                                                                    	at android.app.servertransaction.TransactionExecutor.executeCallbacks(TransactionExecutor.java:135)
                                                                                                    	at android.app.servertransaction.TransactionExecutor.execute(TransactionExecutor.java:95)
                                                                                                    	at android.app.ActivityThread$H.handleMessage(ActivityThread.java:2039)
                                                                                                    	at android.os.Handler.dispatchMessage(Handler.java:107)
                                                                                                    	at android.os.Looper.loop(Looper.java:214)
                                                                                                    	at android.app.ActivityThread.main(ActivityThread.java:7626)
                                                                                                    	at java.lang.reflect.Method.invoke(Native Method)
                                                                                                    	at com.android.internal.os.RuntimeInit$MethodAndArgsCaller.run(RuntimeInit.java:503)
                                                                                                    	at com.android.internal.os.ZygoteInit.main(ZygoteInit.java:936)
2026-02-17 14:27:16.671  5169-5169  HomeFragment            ru.m4bank.store                      D  start HomeFragment
2026-02-17 14:27:16.709   799-816   ConnectivityService     system_server                        D  listenForNetwork for uid/pid:10042/5169 NetworkRequest [ LISTEN id=42, [ Transports: CELLULAR|WIFI Capabilities: INTERNET&NOT_RESTRICTED&TRUSTED&NOT_VPN&FOREGROUND Uid: 10042] ]
2026-02-17 14:27:16.712   799-969   ConnectivityService     system_server                        D  rematching NetworkAgentInfo [WIFI () - 100]
2026-02-17 14:27:16.713  5169-5203  SessionLifecycleClient  ru.m4bank.store                      D  Sending lifecycle 1 to service
2026-02-17 14:27:16.713  5169-5169  GeneralActivity         ru.m4bank.store                      D  onResume
2026-02-17 14:27:16.713  5169-5225  SessionLifecycleService ru.m4bank.store                      D  Activity foregrounding at 3268594.
2026-02-17 14:27:16.713   799-969   ConnectivityService     system_server                        D   network has: [ Transports: WIFI Capabilities: NOT_METERED&INTERNET&NOT_RESTRICTED&TRUSTED&NOT_VPN&VALIDATED&NOT_ROAMING&FOREGROUND&NOT_CONGESTED&NOT_SUSPENDED LinkUpBandwidth>=1048576Kbps LinkDnBandwidth>=1048576Kbps Specifier: <WifiNetworkAgentSpecifier [WifiConfiguration=, SSID="MPS", BSSID=50:88:11:c9:d2:0b, mOriginalRequestorUid=-1, mOriginalRequestorPackageName=]> SignalStrength: -61 SSID: "MPS"]
2026-02-17 14:27:16.714   799-969   ConnectivityService     system_server                        D  Network NetworkAgentInfo [WIFI () - 100] was already satisfying request 11. No change.
2026-02-17 14:27:16.714   799-969   ConnectivityService     system_server                        D    checking if request is satisfied: NetworkRequest [ BACKGROUND_REQUEST id=2, [ Transports: CELLULAR Capabilities: INTERNET&NOT_RESTRICTED&TRUSTED&NOT_VPN] ]
2026-02-17 14:27:16.714   799-969   ConnectivityService     system_server                        D  Network NetworkAgentInfo [WIFI () - 100] was already satisfying request 1. No change.
2026-02-17 14:27:16.714   799-969   ConnectivityService     system_server                        D  Network NetworkAgentInfo [WIFI () - 100] was already satisfying request 14. No change.
2026-02-17 14:27:16.714   799-969   ConnectivityService     system_server                        D  Network NetworkAgentInfo [WIFI () - 100] was already satisfying request 9. No change.
2026-02-17 14:27:16.714   799-969   ConnectivityService     system_server                        D  sending notification CALLBACK_AVAILABLE for NetworkRequest [ LISTEN id=42, [ Transports: CELLULAR|WIFI Capabilities: INTERNET&NOT_RESTRICTED&TRUSTED&NOT_VPN&FOREGROUND Uid: 10042] ]
2026-02-17 14:27:16.715  5169-5169  HomeFragment            ru.m4bank.store                      D  onResume
2026-02-17 14:27:16.726   799-816   WindowManager           system_server                        E  App trying to use insecure INPUT_FEATURE_NO_INPUT_CHANNEL flag. Ignoring
2026-02-17 14:27:16.729   799-816   WindowManager           system_server                        D  Input focus has changed to Window{3c9fb1c u0 ru.m4bank.store/ru.m4bank.store.ui.activity.view.GeneralActivity}
2026-02-17 14:27:16.743  5169-5169  AppVersionsManager      ru.m4bank.store                      D  createAppVersionModel
2026-02-17 14:27:16.744  5169-5169  AppVersionsManager      ru.m4bank.store                      D  isAppInstalled: ru.armax.cashbox.paymobF20
2026-02-17 14:27:16.753  5169-5169  AppVersionsManager      ru.m4bank.store                      D  allErrorApps
2026-02-17 14:27:16.754  5169-5169  AppVersionsManager      ru.m4bank.store                      D  errorReason: unknown install error
2026-02-17 14:27:16.757  5169-5169  FilesUtil               ru.m4bank.store                      D  getInstallingBuild: old build81
2026-02-17 14:27:16.759  5169-5222  FeitianTerminalManager  ru.m4bank.store                      D  getSerialNumber
2026-02-17 14:27:16.763   799-816   WindowManager           system_server                        E  App trying to use insecure INPUT_FEATURE_NO_INPUT_CHANNEL flag. Ignoring
2026-02-17 14:27:16.767   799-816   FtAppLockService        system_server                        W  AppLockService------------->pkg = ru.m4bank.store className = ru.m4bank.store.ui.activity.view.GeneralActivity mCanStartWatch = true
2026-02-17 14:27:16.767   799-816   FtAppLockService        system_server                        D  isSystemEncrypted return false
2026-02-17 14:27:16.767   799-816   FtAppLockService        system_server                        D  isAlarmBoot return false
2026-02-17 14:27:16.768   799-816   FtAppLockService        system_server                        E  loadProperties application_password.txt FileNotFoundException.
2026-02-17 14:27:16.768   799-816   FtAppLockService        system_server                        W  isUnlock propertiesValue: 
2026-02-17 14:27:16.768   799-816   FtAppLockService        system_server                        D  isUnlock return false
2026-02-17 14:27:16.785  5169-5218  mali_winsys             ru.m4bank.store                      D  EGLint new_window_surface(egl_winsys_display *, void *, EGLSurface, EGLConfig, egl_winsys_surface **, EGLBoolean) returns 0x3000
2026-02-17 14:27:16.786   394-394   libc                    and...raphics.allocator@2.0-service  E  Access denied finding property "enable_ion_heap_id_mask_cam"
2026-02-17 14:27:16.787   394-394   gralloc                 and...raphics.allocator@2.0-service  I  gralloc=>alloc hnd=0xb4d39000, share_fd=8, format=1, internal_format=0x1, byte_stride=2880, flags=4, usage=0xb00, size=766080, width=720, height=266, internalWidth=720, internalHeight=266, stride=720, base=0xb3d69000, writeOwner=0, min_pgsz=4096
2026-02-17 14:27:16.787   394-394   gralloc                 and...raphics.allocator@2.0-service  I  gralloc_unregister hnd=0xb4d39000, share_fd=8, format=1, internal_format=0x1, byte_stride=2880, flags=4, usage=0xb00, size=766080, width=720, height=266, internalWidth=720, internalHeight=266, stride=720, base=0xb3d69000, writeOwner=0, min_pgsz=4096
