2026-02-17 14:27:19.163   799-818   LocationManagerService  system_server                        I  applyRequirementsLocked to passive prvider.
2026-02-17 14:27:19.163   799-818   LocationManagerService  system_server                        I  applyRequirementsLocked to gps prvider.
2026-02-17 14:27:19.163   799-816   StorageManagerService   system_server                        I  Cmd send remountUidExternalStorage uid 10042 mode 3
2026-02-17 14:27:19.164   275-368   vold                    vold                                 D  Remounting 10042 as mode write
2026-02-17 14:27:19.165   799-818   GnssLocationProvider    system_server                        D  WakeLock acquired by sendMessage(SET_REQUEST, 0, com.android.server.location.GnssLocationProvider$GpsRequest@8567af1)
2026-02-17 14:27:19.165   799-818   LocationManagerService  system_server                        I  applyRequirementsLocked to network prvider.
2026-02-17 14:27:19.165   799-818   LocationManagerService  system_server                        I  applyRequirementsLocked to fused prvider.
2026-02-17 14:27:19.166  1662-1723  NLP                     com.feitian.location                 D  onSetRequest: request=ProviderRequest[OFF], ws=WorkSource{}
2026-02-17 14:27:19.166  1662-1662  NLEngine                com.feitian.location                 D  disableProvider: caller=com.feitian.location.LocationHelper.updateRequirements:255
2026-02-17 14:27:19.167   799-818   GnssVisibilityControl   system_server                        D  Proxy app com.spreadtrum.proxy.suplni is not found.
2026-02-17 14:27:19.167   799-818   GnssVisibilityControl   system_server                        D  Proxy app com.spreadtrum.proxy.controlni is not found.
2026-02-17 14:27:19.168   799-818   GnssVisibilityControl   system_server                        D  Proxy app com.spreadtrum.proxy.controlsi is not found.
2026-02-17 14:27:19.169   799-818   GnssLocationProvider    system_server                        D  setRequest ProviderRequest[OFF]
2026-02-17 14:27:19.169   799-818   GnssLocationProvider    system_server                        I  reportLocation: false, isGpsEnabled: true, mStarted: false
2026-02-17 14:27:19.169   799-818   GnssLocationProvider    system_server                        D  stopNavigating
2026-02-17 14:27:19.179   799-818   GnssLocationProvider    system_server                        D  WakeLock released by handleMessage(SET_REQUEST, 0, com.android.server.location.GnssLocationProvider$GpsRequest@8567af1)
2026-02-17 14:27:19.179   275-368   vold                    vold                                 D  Found matching PID 5169
2026-02-17 14:27:19.221   799-816   StorageManagerService   system_server                        I  Cmd send remountUidExternalStorage end uid 10042 mode 3
2026-02-17 14:27:19.225  5169-5169  Permission...ermissions ru.m4bank.store                      E  Permissions granted
2026-02-17 14:27:19.226  5169-5169  VirtualDeviceUtils      ru.m4bank.store                      D  MODEL: F20
2026-02-17 14:27:19.227  5169-5169  VirtualDeviceUtils      ru.m4bank.store                      D  BRAND: SPRD
2026-02-17 14:27:19.227  5169-5169  VirtualDeviceUtils      ru.m4bank.store                      D  MANUFACTURER: sprd
2026-02-17 14:27:19.228  5169-5169  DownloadAn...allService ru.m4bank.store                      D  deviceTypeModel: F20
2026-02-17 14:27:19.231  5169-5169  FilesUtil               ru.m4bank.store                      D  check file: /storage/emulated/0/Download/85_ruarmaxcashboxpaymobF20.apk
2026-02-17 14:27:19.233  5169-5169  VirtualDeviceUtils      ru.m4bank.store                      D  MODEL: F20
2026-02-17 14:27:19.233  5169-5169  VirtualDeviceUtils      ru.m4bank.store                      D  BRAND: SPRD
2026-02-17 14:27:19.234  5169-5169  VirtualDeviceUtils      ru.m4bank.store                      D  MANUFACTURER: sprd
2026-02-17 14:27:19.235  5169-5169  VirtualDeviceUtils      ru.m4bank.store                      D  MODEL: F20
2026-02-17 14:27:19.235  5169-5169  VirtualDeviceUtils      ru.m4bank.store                      D  BRAND: SPRD
2026-02-17 14:27:19.236  5169-5169  VirtualDeviceUtils      ru.m4bank.store                      D  MANUFACTURER: sprd
2026-02-17 14:27:19.237  5169-5169  FeitianTerminalManager  ru.m4bank.store                      D  acceptPermissionsAutomatically
2026-02-17 14:27:19.239   799-816   StorageManagerService   system_server                        I  Cmd send remountUidExternalStorage uid 10042 mode 3
2026-02-17 14:27:19.240   275-368   vold                    vold                                 D  Remounting 10042 as mode write
2026-02-17 14:27:19.241   799-818   LocationManagerService  system_server                        D  onPermissionsChanged
2026-02-17 14:27:19.242   799-818   LocationManagerService  system_server                        I  applyRequirementsLocked to passive prvider.
2026-02-17 14:27:19.242   799-818   LocationManagerService  system_server                        I  applyRequirementsLocked to gps prvider.
2026-02-17 14:27:19.243   799-818   GnssLocationProvider    system_server                        D  WakeLock acquired by sendMessage(SET_REQUEST, 0, com.android.server.location.GnssLocationProvider$GpsRequest@3cb7d57)
2026-02-17 14:27:19.243   799-818   LocationManagerService  system_server                        I  applyRequirementsLocked to network prvider.
2026-02-17 14:27:19.243   799-818   LocationManagerService  system_server                        I  applyRequirementsLocked to fused prvider.
2026-02-17 14:27:19.243  1662-1723  NLP                     com.feitian.location                 D  onSetRequest: request=ProviderRequest[OFF], ws=WorkSource{}
2026-02-17 14:27:19.244  1662-1662  NLEngine                com.feitian.location                 D  disableProvider: caller=com.feitian.location.LocationHelper.updateRequirements:255
2026-02-17 14:27:19.244   799-818   GnssVisibilityControl   system_server                        D  Proxy app com.spreadtrum.proxy.suplni is not found.
2026-02-17 14:27:19.244   799-818   GnssVisibilityControl   system_server                        D  Proxy app com.spreadtrum.proxy.controlni is not found.
2026-02-17 14:27:19.244   799-818   GnssVisibilityControl   system_server                        D  Proxy app com.spreadtrum.proxy.controlsi is not found.
2026-02-17 14:27:19.245   799-818   GnssLocationProvider    system_server                        D  setRequest ProviderRequest[OFF]
2026-02-17 14:27:19.246   799-818   GnssLocationProvider    system_server                        I  reportLocation: false, isGpsEnabled: true, mStarted: false
2026-02-17 14:27:19.246   799-818   GnssLocationProvider    system_server                        D  stopNavigating
2026-02-17 14:27:19.247   799-818   GnssLocationProvider    system_server                        D  WakeLock released by handleMessage(SET_REQUEST, 0, com.android.server.location.GnssLocationProvider$GpsRequest@3cb7d57)
2026-02-17 14:27:19.249   275-368   vold                    vold                                 D  Found matching PID 5169
2026-02-17 14:27:19.311   799-816   StorageManagerService   system_server                        I  Cmd send remountUidExternalStorage end uid 10042 mode 3
2026-02-17 14:27:19.313   799-818   LocationManagerService  system_server                        D  onPermissionsChanged
2026-02-17 14:27:19.313   799-818   LocationManagerService  system_server                        I  applyRequirementsLocked to passive prvider.
2026-02-17 14:27:19.313   799-816   StorageManagerService   system_server                        I  Cmd send remountUidExternalStorage uid 10042 mode 3
2026-02-17 14:27:19.313   799-818   LocationManagerService  system_server                        I  applyRequirementsLocked to gps prvider.
2026-02-17 14:27:19.314   275-368   vold                    vold                                 D  Remounting 10042 as mode write
2026-02-17 14:27:19.314   799-818   GnssLocationProvider    system_server                        D  WakeLock acquired by sendMessage(SET_REQUEST, 0, com.android.server.location.GnssLocationProvider$GpsRequest@ac6d52d)
2026-02-17 14:27:19.315   799-818   LocationManagerService  system_server                        I  applyRequirementsLocked to network prvider.
2026-02-17 14:27:19.315   799-818   LocationManagerService  system_server                        I  applyRequirementsLocked to fused prvider.
2026-02-17 14:27:19.315  1662-1723  NLP                     com.feitian.location                 D  onSetRequest: request=ProviderRequest[OFF], ws=WorkSource{}
2026-02-17 14:27:19.316  1662-1662  NLEngine                com.feitian.location                 D  disableProvider: caller=com.feitian.location.LocationHelper.updateRequirements:255
2026-02-17 14:27:19.317   799-818   GnssVisibilityControl   system_server                        D  Proxy app com.spreadtrum.proxy.suplni is not found.
2026-02-17 14:27:19.317   799-818   GnssVisibilityControl   system_server                        D  Proxy app com.spreadtrum.proxy.controlni is not found.
2026-02-17 14:27:19.317   799-818   GnssVisibilityControl   system_server                        D  Proxy app com.spreadtrum.proxy.controlsi is not found.
2026-02-17 14:27:19.318   799-818   GnssLocationProvider    system_server                        D  setRequest ProviderRequest[OFF]
2026-02-17 14:27:19.318   799-818   GnssLocationProvider    system_server                        I  reportLocation: false, isGpsEnabled: true, mStarted: false
2026-02-17 14:27:19.318   799-818   GnssLocationProvider    system_server                        D  stopNavigating
2026-02-17 14:27:19.319   799-818   GnssLocationProvider    system_server                        D  WakeLock released by handleMessage(SET_REQUEST, 0, com.android.server.location.GnssLocationProvider$GpsRequest@ac6d52d)
2026-02-17 14:27:19.326   275-368   vold                    vold                                 D  Found matching PID 5169
2026-02-17 14:27:19.353   799-967   WifiRssiLi...ncyMonitor system_server                        D  EVENT_WIFI_RSSI_LINKSPEED_FREQUENCY_CHANGED
2026-02-17 14:27:19.353   799-967   WifiRssiLi...ncyMonitor system_server                        D  Not any Obervers!!!
2026-02-17 14:27:19.381   799-816   StorageManagerService   system_server                        I  Cmd send remountUidExternalStorage end uid 10042 mode 3
2026-02-17 14:27:19.385  5169-5169  Permission...ermissions ru.m4bank.store                      E  Permissions granted
2026-02-17 14:27:19.386  5169-5169  DownloadAn...allService ru.m4bank.store                      D  start download: ru.armax.cashbox.paymobF20
2026-02-17 14:27:19.386  5169-5169  AppStatusSender         ru.m4bank.store                      D  sendStatus
2026-02-17 14:27:19.387  5169-5169  AppStatusSender         ru.m4bank.store                      D  sendStatus ru.armax.cashbox.paymobF20 DOWNLOADING
2026-02-17 14:27:19.388  5169-5169  VirtualDeviceUtils      ru.m4bank.store                      D  MODEL: F20
2026-02-17 14:27:19.388  5169-5169  VirtualDeviceUtils      ru.m4bank.store                      D  BRAND: SPRD
2026-02-17 14:27:19.389  5169-5169  VirtualDeviceUtils      ru.m4bank.store                      D  MANUFACTURER: sprd
2026-02-17 14:27:19.390  5169-5169  VirtualDeviceUtils      ru.m4bank.store                      D  MODEL: F20
2026-02-17 14:27:19.390  5169-5169  VirtualDeviceUtils      ru.m4bank.store                      D  BRAND: SPRD
2026-02-17 14:27:19.391  5169-5169  VirtualDeviceUtils      ru.m4bank.store                      D  MANUFACTURER: sprd
2026-02-17 14:27:19.391  5169-5169  FeitianTerminalManager  ru.m4bank.store                      D  acceptPermissionsAutomatically
2026-02-17 14:27:19.395   799-818   LocationManagerService  system_server                        D  onPermissionsChanged
2026-02-17 14:27:19.395   799-818   LocationManagerService  system_server                        I  applyRequirementsLocked to passive prvider.
2026-02-17 14:27:19.396   799-818   LocationManagerService  system_server                        I  applyRequirementsLocked to gps prvider.
2026-02-17 14:27:19.396   799-816   StorageManagerService   system_server                        I  Cmd send remountUidExternalStorage uid 10042 mode 3
2026-02-17 14:27:19.396   799-818   GnssLocationProvider    system_server                        D  WakeLock acquired by sendMessage(SET_REQUEST, 0, com.android.server.location.GnssLocationProvider$GpsRequest@c2097f3)
2026-02-17 14:27:19.396   799-818   LocationManagerService  system_server                        I  applyRequirementsLocked to network prvider.
2026-02-17 14:27:19.396   799-818   LocationManagerService  system_server                        I  applyRequirementsLocked to fused prvider.
2026-02-17 14:27:19.397  1662-1723  NLP                     com.feitian.location                 D  onSetRequest: request=ProviderRequest[OFF], ws=WorkSource{}
2026-02-17 14:27:19.397  1662-1662  NLEngine                com.feitian.location                 D  disableProvider: caller=com.feitian.location.LocationHelper.updateRequirements:255
2026-02-17 14:27:19.398   799-818   GnssVisibilityControl   system_server                        D  Proxy app com.spreadtrum.proxy.suplni is not found.
2026-02-17 14:27:19.398   275-368   vold                    vold                                 D  Remounting 10042 as mode write
2026-02-17 14:27:19.405   799-818   GnssVisibilityControl   system_server                        D  Proxy app com.spreadtrum.proxy.controlni is not found.
2026-02-17 14:27:19.405   799-818   GnssVisibilityControl   system_server                        D  Proxy app com.spreadtrum.proxy.controlsi is not found.
2026-02-17 14:27:19.406   799-818   GnssLocationProvider    system_server                        D  setRequest ProviderRequest[OFF]
2026-02-17 14:27:19.406   799-818   GnssLocationProvider    system_server                        I  reportLocation: false, isGpsEnabled: true, mStarted: false
2026-02-17 14:27:19.406   799-818   GnssLocationProvider    system_server                        D  stopNavigating
2026-02-17 14:27:19.407   799-818   GnssLocationProvider    system_server                        D  WakeLock released by handleMessage(SET_REQUEST, 0, com.android.server.location.GnssLocationProvider$GpsRequest@c2097f3)
2026-02-17 14:27:19.408   275-368   vold                    vold                                 D  Found matching PID 5169
2026-02-17 14:27:19.451   799-816   StorageManagerService   system_server                        I  Cmd send remountUidExternalStorage end uid 10042 mode 3
2026-02-17 14:27:19.453   799-818   LocationManagerService  system_server                        D  onPermissionsChanged
2026-02-17 14:27:19.453   799-818   LocationManagerService  system_server                        I  applyRequirementsLocked to passive prvider.
2026-02-17 14:27:19.453   799-816   StorageManagerService   system_server                        I  Cmd send remountUidExternalStorage uid 10042 mode 3
2026-02-17 14:27:19.453   799-818   LocationManagerService  system_server                        I  applyRequirementsLocked to gps prvider.
2026-02-17 14:27:19.454   275-368   vold                    vold                                 D  Remounting 10042 as mode write
2026-02-17 14:27:19.455   799-818   GnssLocationProvider    system_server                        D  WakeLock acquired by sendMessage(SET_REQUEST, 0, com.android.server.location.GnssLocationProvider$GpsRequest@6689729)
2026-02-17 14:27:19.455   799-818   LocationManagerService  system_server                        I  applyRequirementsLocked to network prvider.
2026-02-17 14:27:19.455   799-818   LocationManagerService  system_server                        I  applyRequirementsLocked to fused prvider.
2026-02-17 14:27:19.456  1662-1723  NLP                     com.feitian.location                 D  onSetRequest: request=ProviderRequest[OFF], ws=WorkSource{}
2026-02-17 14:27:19.456  1662-1662  NLEngine                com.feitian.location                 D  disableProvider: caller=com.feitian.location.LocationHelper.updateRequirements:255
2026-02-17 14:27:19.457   799-818   GnssVisibilityControl   system_server                        D  Proxy app com.spreadtrum.proxy.suplni is not found.
2026-02-17 14:27:19.457   799-818   GnssVisibilityControl   system_server                        D  Proxy app com.spreadtrum.proxy.controlni is not found.
2026-02-17 14:27:19.457   799-818   GnssVisibilityControl   system_server                        D  Proxy app com.spreadtrum.proxy.controlsi is not found.
2026-02-17 14:27:19.457   799-818   GnssLocationProvider    system_server                        D  setRequest ProviderRequest[OFF]
2026-02-17 14:27:19.458   799-818   GnssLocationProvider    system_server                        I  reportLocation: false, isGpsEnabled: true, mStarted: false
2026-02-17 14:27:19.458   799-818   GnssLocationProvider    system_server                        D  stopNavigating
2026-02-17 14:27:19.458   799-818   GnssLocationProvider    system_server                        D  WakeLock released by handleMessage(SET_REQUEST, 0, com.android.server.location.GnssLocationProvider$GpsRequest@6689729)
2026-02-17 14:27:19.463   275-368   vold                    vold                                 D  Found matching PID 5169
2026-02-17 14:27:19.502   799-816   StorageManagerService   system_server                        I  Cmd send remountUidExternalStorage end uid 10042 mode 3
2026-02-17 14:27:19.508  5169-5169  Permission...ermissions ru.m4bank.store                      E  Permissions granted
2026-02-17 14:27:19.509  5169-5169  StoreDownloader         ru.m4bank.store                      D  start download checker ru.armax.cashbox.paymobF20 manual: true
2026-02-17 14:27:19.646   799-816   ConnectivityService     system_server                        D  listenForNetwork for uid/pid:10042/5169 NetworkRequest [ LISTEN id=43, [ Transports: CELLULAR|WIFI|ETHERNET Capabilities: NOT_RESTRICTED&TRUSTED&NOT_VPN&FOREGROUND Uid: 10042] ]
2026-02-17 14:27:19.647   799-969   ConnectivityService     system_server                        D  rematching NetworkAgentInfo [WIFI () - 100]
2026-02-17 14:27:19.647   799-969   ConnectivityService     system_server                        D   network has: [ Transports: WIFI Capabilities: NOT_METERED&INTERNET&NOT_RESTRICTED&TRUSTED&NOT_VPN&VALIDATED&NOT_ROAMING&FOREGROUND&NOT_CONGESTED&NOT_SUSPENDED LinkUpBandwidth>=1048576Kbps LinkDnBandwidth>=1048576Kbps Specifier: <WifiNetworkAgentSpecifier [WifiConfiguration=, SSID="MPS", BSSID=50:88:11:c9:d2:0b, mOriginalRequestorUid=-1, mOriginalRequestorPackageName=]> SignalStrength: -61 SSID: "MPS"]
2026-02-17 14:27:19.647   799-969   ConnectivityService     system_server                        D  Network NetworkAgentInfo [WIFI () - 100] was already satisfying request 11. No change.
2026-02-17 14:27:19.647   799-969   ConnectivityService     system_server                        D    checking if request is satisfied: NetworkRequest [ BACKGROUND_REQUEST id=2, [ Transports: CELLULAR Capabilities: INTERNET&NOT_RESTRICTED&TRUSTED&NOT_VPN] ]
2026-02-17 14:27:19.647   799-969   ConnectivityService     system_server                        D  Network NetworkAgentInfo [WIFI () - 100] was already satisfying request 1. No change.
2026-02-17 14:27:19.647   799-969   ConnectivityService     system_server                        D  Network NetworkAgentInfo [WIFI () - 100] was already satisfying request 14. No change.
2026-02-17 14:27:19.647   799-969   ConnectivityService     system_server                        D  Network NetworkAgentInfo [WIFI () - 100] was already satisfying request 9. No change.
2026-02-17 14:27:19.648   799-969   ConnectivityService     system_server                        D  sending notification CALLBACK_AVAILABLE for NetworkRequest [ LISTEN id=43, [ Transports: CELLULAR|WIFI|ETHERNET Capabilities: NOT_RESTRICTED&TRUSTED&NOT_VPN&FOREGROUND Uid: 10042] ]
2026-02-17 14:27:19.651  5169-5169  StoreDownloader         ru.m4bank.store                      D  check manual download
2026-02-17 14:27:19.652  5169-5169  DownloadAn...allService ru.m4bank.store                      D  createNotificationChannel
2026-02-17 14:27:19.658  5169-5169  Choreographer           ru.m4bank.store                      I  Skipped 39 frames!  The application may be doing too much work on its main thread.
2026-02-17 14:27:19.659  5169-5169  Descriptio...tBroadcast ru.m4bank.store                      D  AppStatusEventBroadcast onReceive
2026-02-17 14:27:19.659  5169-5169  Descriptio...tBroadcast ru.m4bank.store                      D  onEvent: ru.armax.cashbox.paymobF20 DOWNLOADING
2026-02-17 14:27:19.659  5169-5169  Descriptio...tBroadcast ru.m4bank.store                      D  current app: ru.armax.cashbox.paymobF20 AVAILABLE_FOR_UPDATE
2026-02-17 14:27:19.661  5169-5169  Descriptio...tBroadcast ru.m4bank.store                      D  onEvent: installingVersion: 0.0.81
2026-02-17 14:27:19.662  5169-5169  Descriptio...tBroadcast ru.m4bank.store                      D  setInstalledVersion
2026-02-17 14:27:19.664  5169-5169  DescriptionAppFragment  ru.m4bank.store                      D  STATUS : DOWNLOADING
2026-02-17 14:27:19.664  5169-5169  DescriptionAppFragment  ru.m4bank.store                      D  setVisibilityProgressWithDelay
2026-02-17 14:27:19.665  5169-5169  Descriptio...tBroadcast ru.m4bank.store                      D  AppStatusEventBroadcast onReceive
2026-02-17 14:27:19.666  5169-5169  Descriptio...tBroadcast ru.m4bank.store                      D  onEvent: ru.armax.cashbox.paymobF20 DOWNLOADING
2026-02-17 14:27:19.666  5169-5169  Descriptio...tBroadcast ru.m4bank.store                      D  current app: ru.armax.cashbox.paymobF20 DOWNLOADING
2026-02-17 14:27:19.668  5169-5169  Descriptio...tBroadcast ru.m4bank.store                      D  onEvent: installingVersion: 0.0.81
2026-02-17 14:27:19.668  5169-5169  Descriptio...tBroadcast ru.m4bank.store                      D  setInstalledVersion
2026-02-17 14:27:19.670  5169-5169  DescriptionAppFragment  ru.m4bank.store                      D  STATUS : DOWNLOADING
2026-02-17 14:27:19.671  5169-5169  DescriptionAppFragment  ru.m4bank.store                      D  setVisibilityProgressWithDelay
2026-02-17 14:27:19.682  5169-5169  StoreDownloader         ru.m4bank.store                      D  stop all downloads
2026-02-17 14:27:19.688  5169-5169  StoreDownloader         ru.m4bank.store                      I  /storage/emulated/0/Download/85_ruarmaxcashboxpaymobF20.apk
2026-02-17 14:27:19.705  5169-5169  StoreDownloader         ru.m4bank.store                      D  checking all current downloads: https://vtb.markets.paymob.ru/software/ru.armax.cashbox.paymobF20/paymob-F20-012-0.0.85_signedV2.apk
2026-02-17 14:27:19.706  5169-5169  StoreDownloader         ru.m4bank.store                      D  there is no such download, let's start downloading
2026-02-17 14:27:19.722   799-816   BroadcastQueue          system_server                        D  Add broadcast <BroadcastRecord{1ab0261 u0 com.tonyodev.fetch2.action.QUEUE_BACKOFF_RESET}> into [parallel | background], pending size 0
2026-02-17 14:27:19.722   799-827   BroadcastQueue          system_server                        D  Done with parallel broadcast [background] [BroadcastRecord{1ab0261 u0 com.tonyodev.fetch2.action.QUEUE_BACKOFF_RESET}]
2026-02-17 14:27:19.723   799-816   BroadcastQueue          system_server                        D  Add broadcast <BroadcastRecord{88fc186 u0 com.tonyodev.fetch2.action.QUEUE_BACKOFF_RESET}> into [parallel | background], pending size 0
2026-02-17 14:27:19.724   799-827   BroadcastQueue          system_server                        D  Done with parallel broadcast [background] [BroadcastRecord{88fc186 u0 com.tonyodev.fetch2.action.QUEUE_BACKOFF_RESET}]
2026-02-17 14:27:19.727  5169-5169  StoreDownl...teListener ru.m4bank.store                      D  Event: onAdded, Url: https://vtb.markets.paymob.ru/software/ru.armax.cashbox.paymobF20/paymob-F20-012-0.0.85_signedV2.apk, Id: -1665058066
2026-02-17 14:27:19.731  5169-5169  StoreDownl...teListener ru.m4bank.store                      D  Event: onQueued, Url: https://vtb.markets.paymob.ru/software/ru.armax.cashbox.paymobF20/paymob-F20-012-0.0.85_signedV2.apk, Id: -1665058066
2026-02-17 14:27:19.733  5169-5169  StoreDownloader         ru.m4bank.store                      D  enqueue: https://vtb.markets.paymob.ru/software/ru.armax.cashbox.paymobF20/paymob-F20-012-0.0.85_signedV2.apkenqueue: Request(url='https://vtb.markets.paymob.ru/software/ru.armax.cashbox.paymobF20/paymob-F20-012-0.0.85_signedV2.apk', file='/storage/emulated/0/Download/85_ruarmaxcashboxpaymobF20.apk', id=-1665058066, groupId=0, headers={ignore-download-limit=true}, priority=HIGH, networkType=ALL, tag=null)
2026-02-17 14:27:19.752  1113-1113  Notificati...diaManager com.android.systemui                 D  finishUpdateMediaMetaData metaDataChanged =false,allowEnterAnimation =true
2026-02-17 14:27:19.752  1113-1113  Notificati...diaManager com.android.systemui                 D  finishUpdateMediaMetaData need to hide the album art
2026-02-17 14:27:19.936  1113-1552  GpioCtrl                com.android.systemui                 I  getGpioState fd=96
2026-02-17 14:27:19.936  1113-1552  GpioCtrl                com.android.systemui                 I  getGpioState=0
2026-02-17 14:27:19.936  1113-1552  StatusBar               com.android.systemui                 I  Trigger run: state=0  sleepTime=3000
2026-02-17 14:27:20.054   799-1584  TaskPersister           system_server                        E  File error accessing recents directory (directory doesn't exist?).
2026-02-17 14:27:20.074   515-1302  GNSSMGT                 ven...prd.hardware.gnss@2.0-service  D  watchdog: PowerState[UNKOWN STATE], gps_flag[0], readcount[0], idle time = 0, HeartCount = 0
2026-02-17 14:27:20.260   383-5277  ResolverController      netd                                 E  No valid NAT64 prefix (100, <unspecified>/0)
2026-02-17 14:27:20.457   799-976   DeviceStor...torService system_server                        D  updateStateEx oldLevel = 0, newLevel = 0
2026-02-17 14:27:21.816  5169-5279  RetrofitNetworkClient   ru.m4bank.store                      V  Received response for: https://vtb.markets.paymob.ru/software/ru.armax.cashbox.paymobF20/paymob-F20-012-0.0.85_signedV2.apk
                                                                                                    Headers: date: Tue, 17 Feb 2026 11:27:21 GMT
                                                                                                    content-type: application/vnd.android.package-archive
                                                                                                    content-length: 30668738
                                                                                                    etag: 4a447b8eb5852b9708e155e135abcc47
                                                                                                    vary: Origin
                                                                                                    vary: Access-Control-Request-Method
                                                                                                    vary: Access-Control-Request-Headers
                                                                                                    last-modified: Tue, 17 Feb 2026 11:26:01 GMT
                                                                                                    accept-ranges: bytes
                                                                                                    content-range: bytes 0-30668737/30668738
                                                                                                    x-content-type-options: nosniff
                                                                                                    x-xss-protection: 1; mode=block
                                                                                                    cache-control: no-cache, no-store, max-age=0, must-revalidate
                                                                                                    pragma: no-cache
                                                                                                    expires: 0
                                                                                                    strict-transport-security: max-age=31536000; includeSubdomains; preload
                                                                                                    x-frame-options: SAMEORIGIN
                                                                                                    content-security-policy: script-src 'self' 'sha256-epfHad2QZXZLgp6wYaCqbNFkXh59Q4UDNhZGymAervc='; object-src 'none'; base-uri 'self'
                                                                                                    referrer-policy: strict-origin
                                                                                                    permissions-policy: accelerometer=(), camera=(), geolocation=(), gyroscope=(), magnetometer=(), microphone=(), payment=(), usb=()
                                                                                                    server: LB
2026-02-17 14:27:21.818  5169-5278  RetrofitNetworkClient   ru.m4bank.store                      V  Sending request: GET https://vtb.markets.paymob.ru/software/ru.armax.cashbox.paymobF20/paymob-F20-012-0.0.85_signedV2.apk
                                                                                                    Headers: ignore-download-limit: true
                                                                                                    Range: bytes=0-
                                                                                                    Referer: https://vtb.markets.paymob.ru
2026-02-17 14:27:21.829  5169-5169  StoreDownl...teListener ru.m4bank.store                      D  Event: onStarted, Url: https://vtb.markets.paymob.ru/software/ru.armax.cashbox.paymobF20/paymob-F20-012-0.0.85_signedV2.apk, Id: -1665058066
2026-02-17 14:27:21.832  5169-5276  StoreDownl...teListener ru.m4bank.store                      D  Event: onDownloadBlockUpdated, Url: https://vtb.markets.paymob.ru/software/ru.armax.cashbox.paymobF20/paymob-F20-012-0.0.85_signedV2.apk, Id: -1665058066
2026-02-17 14:27:21.872  5169-5182  ru.m4bank.stor          ru.m4bank.store                      I  Background concurrent copying GC freed 38445(1713KB) AllocSpace objects, 2(40KB) LOS objects, 49% free, 4216KB/8432KB, paused 1.570ms total 110.602ms
2026-02-17 14:27:21.879  5169-5184  Surface                 ru.m4bank.store                      D  release Surface,mNativeObject=0, this Surface(name=null)/@0xd93b317, caller: android.view.Surface.finalize:244 java.lang.Daemons$FinalizerDaemon.doFinalize:289 java.lang.Daemons$FinalizerDaemon.runInternal:276 java.lang.Daemons$Daemon.run:137 java.lang.Thread.run:919 <bottom of call stack> 
2026-02-17 14:27:21.879  5169-5184  Surface                 ru.m4bank.store                      D  release Surface,mNativeObject=0, this Surface(name=null)/@0x79b3ed0, caller: android.view.Surface.finalize:244 java.lang.Daemons$FinalizerDaemon.doFinalize:289 java.lang.Daemons$FinalizerDaemon.runInternal:276 java.lang.Daemons$Daemon.run:137 java.lang.Thread.run:919 <bottom of call stack> 
2026-02-17 14:27:22.074   515-1302  GNSSMGT                 ven...prd.hardware.gnss@2.0-service  D  watchdog: PowerState[UNKOWN STATE], gps_flag[0], readcount[0], idle time = 0, HeartCount = 0
2026-02-17 14:27:22.347  5169-5276  StoreDownl...teListener ru.m4bank.store                      D  Event: onDownloadBlockUpdated, Url: https://vtb.markets.paymob.ru/software/ru.armax.cashbox.paymobF20/paymob-F20-012-0.0.85_signedV2.apk, Id: -1665058066
2026-02-17 14:27:22.349  5169-5169  StoreDownl...teListener ru.m4bank.store                      D  Event: onProgress 2, Url: https://vtb.markets.paymob.ru/software/ru.armax.cashbox.paymobF20/paymob-F20-012-0.0.85_signedV2.apk, Id: -1665058066
2026-02-17 14:27:22.350  5169-5169  AppStatusSender         ru.m4bank.store                      D  sendStatus
2026-02-17 14:27:22.350  5169-5169  AppStatusSender         ru.m4bank.store                      D  sendStatus ru.armax.cashbox.paymobF20 DOWNLOADING
2026-02-17 14:27:22.354  5169-5169  Descriptio...tBroadcast ru.m4bank.store                      D  AppStatusEventBroadcast onReceive
2026-02-17 14:27:22.354  5169-5169  Descriptio...tBroadcast ru.m4bank.store                      D  onEvent: ru.armax.cashbox.paymobF20 DOWNLOADING
2026-02-17 14:27:22.355  5169-5169  Descriptio...tBroadcast ru.m4bank.store                      D  current app: ru.armax.cashbox.paymobF20 DOWNLOADING
2026-02-17 14:27:22.356  5169-5169  Descriptio...tBroadcast ru.m4bank.store                      D  onEvent: installingVersion: 0.0.81
2026-02-17 14:27:22.356  5169-5169  Descriptio...tBroadcast ru.m4bank.store                      D  setInstalledVersion
2026-02-17 14:27:22.358  5169-5169  DescriptionAppFragment  ru.m4bank.store                      D  STATUS : DOWNLOADING
2026-02-17 14:27:22.366   799-966   WifiNetworkMonitor      system_server                        D  EVENT_WIFI_RSSI_CHANGED
2026-02-17 14:27:22.366   799-966   WifiNetworkMonitor      system_server                        E  Not any Obervers!!!
2026-02-17 14:27:22.367   799-967   WifiRssiLi...ncyMonitor system_server                        D  EVENT_WIFI_RSSI_LINKSPEED_FREQUENCY_CHANGED
2026-02-17 14:27:22.367   799-967   WifiRssiLi...ncyMonitor system_server                        D  Not any Obervers!!!
2026-02-17 14:27:22.868  5169-5276  StoreDownl...teListener ru.m4bank.store                      D  Event: onDownloadBlockUpdated, Url: https://vtb.markets.paymob.ru/software/ru.armax.cashbox.paymobF20/paymob-F20-012-0.0.85_signedV2.apk, Id: -1665058066
2026-02-17 14:27:22.869  5169-5169  StoreDownl...teListener ru.m4bank.store                      D  Event: onProgress 14, Url: https://vtb.markets.paymob.ru/software/ru.armax.cashbox.paymobF20/paymob-F20-012-0.0.85_signedV2.apk, Id: -1665058066
2026-02-17 14:27:22.870  5169-5169  AppStatusSender         ru.m4bank.store                      D  sendStatus
2026-02-17 14:27:22.870  5169-5169  AppStatusSender         ru.m4bank.store                      D  sendStatus ru.armax.cashbox.paymobF20 DOWNLOADING
2026-02-17 14:27:22.906  5169-5169  Descriptio...tBroadcast ru.m4bank.store                      D  AppStatusEventBroadcast onReceive
2026-02-17 14:27:22.906  5169-5169  Descriptio...tBroadcast ru.m4bank.store                      D  onEvent: ru.armax.cashbox.paymobF20 DOWNLOADING
2026-02-17 14:27:22.907  5169-5169  Descriptio...tBroadcast ru.m4bank.store                      D  current app: ru.armax.cashbox.paymobF20 DOWNLOADING
2026-02-17 14:27:22.909  5169-5169  Descriptio...tBroadcast ru.m4bank.store                      D  onEvent: installingVersion: 0.0.81
2026-02-17 14:27:22.909  5169-5169  Descriptio...tBroadcast ru.m4bank.store                      D  setInstalledVersion
2026-02-17 14:27:22.911  5169-5169  DescriptionAppFragment  ru.m4bank.store                      D  STATUS : DOWNLOADING
2026-02-17 14:27:22.939  1113-1552  GpioCtrl                com.android.systemui                 I  getGpioState fd=96
2026-02-17 14:27:22.939  1113-1552  GpioCtrl                com.android.systemui                 I  getGpioState=0
2026-02-17 14:27:22.940  1113-1552  StatusBar               com.android.systemui                 I  Trigger run: state=0  sleepTime=3000
2026-02-17 14:27:23.258   535-562   WCND                    connmgr                              D  is_cp2_alive_ok: open polling interface: /proc/mdbg/loopcheck, fd = 14
2026-02-17 14:27:23.360   535-562   WCND                    connmgr                              D  is_cp2_alive_ok: loop: /proc/mdbg/loopcheck is OK
2026-02-17 14:27:23.372  5169-5276  StoreDownl...teListener ru.m4bank.store                      D  Event: onDownloadBlockUpdated, Url: https://vtb.markets.paymob.ru/software/ru.armax.cashbox.paymobF20/paymob-F20-012-0.0.85_signedV2.apk, Id: -1665058066
2026-02-17 14:27:23.376  5169-5169  StoreDownl...teListener ru.m4bank.store                      D  Event: onProgress 32, Url: https://vtb.markets.paymob.ru/software/ru.armax.cashbox.paymobF20/paymob-F20-012-0.0.85_signedV2.apk, Id: -1665058066
2026-02-17 14:27:23.376  5169-5169  AppStatusSender         ru.m4bank.store                      D  sendStatus
2026-02-17 14:27:23.377  5169-5169  AppStatusSender         ru.m4bank.store                      D  sendStatus ru.armax.cashbox.paymobF20 DOWNLOADING
2026-02-17 14:27:23.380  5169-5169  Descriptio...tBroadcast ru.m4bank.store                      D  AppStatusEventBroadcast onReceive
2026-02-17 14:27:23.381  5169-5169  Descriptio...tBroadcast ru.m4bank.store                      D  onEvent: ru.armax.cashbox.paymobF20 DOWNLOADING
2026-02-17 14:27:23.381  5169-5169  Descriptio...tBroadcast ru.m4bank.store                      D  current app: ru.armax.cashbox.paymobF20 DOWNLOADING
2026-02-17 14:27:23.383  5169-5169  Descriptio...tBroadcast ru.m4bank.store                      D  onEvent: installingVersion: 0.0.81
2026-02-17 14:27:23.383  5169-5169  Descriptio...tBroadcast ru.m4bank.store                      D  setInstalledVersion
2026-02-17 14:27:23.385  5169-5169  DescriptionAppFragment  ru.m4bank.store                      D  STATUS : DOWNLOADING
2026-02-17 14:27:23.419   383-383   netd                    netd                                 I  trafficSwapActiveStatsMap() <51.51ms>
2026-02-17 14:27:23.425   383-383   netd                    netd                                 I  tetherGetStats() <3.89ms>
2026-02-17 14:27:23.448   799-959   BroadcastQueue          system_server                        D  Add broadcast <BroadcastRecord{d2d6955 u-1 com.android.server.action.NETWORK_STATS_UPDATED}> into [parallel | background], pending size 0
2026-02-17 14:27:23.449   799-827   BroadcastQueue          system_server                        D  Done with parallel broadcast [background] [BroadcastRecord{d2d6955 u-1 com.android.server.action.NETWORK_STATS_UPDATED}]
2026-02-17 14:27:23.452   383-383   netd                    netd                                 I  bandwidthSetGlobalAlert(2097152) <0.50ms>
2026-02-17 14:27:23.878  5169-5276  StoreDownl...teListener ru.m4bank.store                      D  Event: onDownloadBlockUpdated, Url: https://vtb.markets.paymob.ru/software/ru.armax.cashbox.paymobF20/paymob-F20-012-0.0.85_signedV2.apk, Id: -1665058066
2026-02-17 14:27:23.880  5169-5169  StoreDownl...teListener ru.m4bank.store                      D  Event: onProgress 52, Url: https://vtb.markets.paymob.ru/software/ru.armax.cashbox.paymobF20/paymob-F20-012-0.0.85_signedV2.apk, Id: -1665058066
2026-02-17 14:27:23.880  5169-5169  AppStatusSender         ru.m4bank.store                      D  sendStatus
2026-02-17 14:27:23.880  5169-5169  AppStatusSender         ru.m4bank.store                      D  sendStatus ru.armax.cashbox.paymobF20 DOWNLOADING
2026-02-17 14:27:23.884  5169-5169  Descriptio...tBroadcast ru.m4bank.store                      D  AppStatusEventBroadcast onReceive
2026-02-17 14:27:23.884  5169-5169  Descriptio...tBroadcast ru.m4bank.store                      D  onEvent: ru.armax.cashbox.paymobF20 DOWNLOADING
2026-02-17 14:27:23.884  5169-5169  Descriptio...tBroadcast ru.m4bank.store                      D  current app: ru.armax.cashbox.paymobF20 DOWNLOADING
2026-02-17 14:27:23.886  5169-5169  Descriptio...tBroadcast ru.m4bank.store                      D  onEvent: installingVersion: 0.0.81
2026-02-17 14:27:23.886  5169-5169  Descriptio...tBroadcast ru.m4bank.store                      D  setInstalledVersion
2026-02-17 14:27:23.888  5169-5169  DescriptionAppFragment  ru.m4bank.store                      D  STATUS : DOWNLOADING
2026-02-17 14:27:24.074   515-1302  GNSSMGT                 ven...prd.hardware.gnss@2.0-service  D  watchdog: PowerState[UNKOWN STATE], gps_flag[0], readcount[0], idle time = 0, HeartCount = 0
2026-02-17 14:27:24.384  5169-5276  StoreDownl...teListener ru.m4bank.store                      D  Event: onDownloadBlockUpdated, Url: https://vtb.markets.paymob.ru/software/ru.armax.cashbox.paymobF20/paymob-F20-012-0.0.85_signedV2.apk, Id: -1665058066
2026-02-17 14:27:24.385  5169-5169  StoreDownl...teListener ru.m4bank.store                      D  Event: onProgress 70, Url: https://vtb.markets.paymob.ru/software/ru.armax.cashbox.paymobF20/paymob-F20-012-0.0.85_signedV2.apk, Id: -1665058066
2026-02-17 14:27:24.386  5169-5169  AppStatusSender         ru.m4bank.store                      D  sendStatus
2026-02-17 14:27:24.386  5169-5169  AppStatusSender         ru.m4bank.store                      D  sendStatus ru.armax.cashbox.paymobF20 DOWNLOADING
2026-02-17 14:27:24.390  5169-5169  Descriptio...tBroadcast ru.m4bank.store                      D  AppStatusEventBroadcast onReceive
2026-02-17 14:27:24.390  5169-5169  Descriptio...tBroadcast ru.m4bank.store                      D  onEvent: ru.armax.cashbox.paymobF20 DOWNLOADING
2026-02-17 14:27:24.390  5169-5169  Descriptio...tBroadcast ru.m4bank.store                      D  current app: ru.armax.cashbox.paymobF20 DOWNLOADING
2026-02-17 14:27:24.392  5169-5169  Descriptio...tBroadcast ru.m4bank.store                      D  onEvent: installingVersion: 0.0.81
2026-02-17 14:27:24.393  5169-5169  Descriptio...tBroadcast ru.m4bank.store                      D  setInstalledVersion
2026-02-17 14:27:24.395  5169-5169  DescriptionAppFragment  ru.m4bank.store                      D  STATUS : DOWNLOADING
2026-02-17 14:27:24.669   383-383   netd                    netd                                 I  trafficSwapActiveStatsMap() <48.12ms>
2026-02-17 14:27:24.675   383-383   netd                    netd                                 I  tetherGetStats() <3.34ms>
2026-02-17 14:27:24.710   799-959   BroadcastQueue          system_server                        D  Add broadcast <BroadcastRecord{c919836 u-1 com.android.server.action.NETWORK_STATS_UPDATED}> into [parallel | background], pending size 0
2026-02-17 14:27:24.711   799-827   BroadcastQueue          system_server                        D  Done with parallel broadcast [background] [BroadcastRecord{c919836 u-1 com.android.server.action.NETWORK_STATS_UPDATED}]
2026-02-17 14:27:24.716   383-383   netd                    netd                                 I  bandwidthSetGlobalAlert(2097152) <2.42ms>
2026-02-17 14:27:24.889  5169-5276  StoreDownl...teListener ru.m4bank.store                      D  Event: onDownloadBlockUpdated, Url: https://vtb.markets.paymob.ru/software/ru.armax.cashbox.paymobF20/paymob-F20-012-0.0.85_signedV2.apk, Id: -1665058066
2026-02-17 14:27:24.893  5169-5169  StoreDownl...teListener ru.m4bank.store                      D  Event: onProgress 88, Url: https://vtb.markets.paymob.ru/software/ru.armax.cashbox.paymobF20/paymob-F20-012-0.0.85_signedV2.apk, Id: -1665058066
2026-02-17 14:27:24.893  5169-5169  AppStatusSender         ru.m4bank.store                      D  sendStatus
2026-02-17 14:27:24.894  5169-5169  AppStatusSender         ru.m4bank.store                      D  sendStatus ru.armax.cashbox.paymobF20 DOWNLOADING
2026-02-17 14:27:24.898  5169-5169  Descriptio...tBroadcast ru.m4bank.store                      D  AppStatusEventBroadcast onReceive
2026-02-17 14:27:24.898  5169-5169  Descriptio...tBroadcast ru.m4bank.store                      D  onEvent: ru.armax.cashbox.paymobF20 DOWNLOADING
2026-02-17 14:27:24.898  5169-5169  Descriptio...tBroadcast ru.m4bank.store                      D  current app: ru.armax.cashbox.paymobF20 DOWNLOADING
2026-02-17 14:27:24.900  5169-5169  Descriptio...tBroadcast ru.m4bank.store                      D  onEvent: installingVersion: 0.0.81
2026-02-17 14:27:24.900  5169-5169  Descriptio...tBroadcast ru.m4bank.store                      D  setInstalledVersion
2026-02-17 14:27:24.902  5169-5169  DescriptionAppFragment  ru.m4bank.store                      D  STATUS : DOWNLOADING
2026-02-17 14:27:25.280  5169-5276  StoreDownl...teListener ru.m4bank.store                      D  Event: onDownloadBlockUpdated, Url: https://vtb.markets.paymob.ru/software/ru.armax.cashbox.paymobF20/paymob-F20-012-0.0.85_signedV2.apk, Id: -1665058066
2026-02-17 14:27:25.281  5169-5169  StoreDownl...teListener ru.m4bank.store                      D  Event: onProgress 100, Url: https://vtb.markets.paymob.ru/software/ru.armax.cashbox.paymobF20/paymob-F20-012-0.0.85_signedV2.apk, Id: -1665058066
2026-02-17 14:27:25.283  5169-5169  AppStatusSender         ru.m4bank.store                      D  sendStatus
2026-02-17 14:27:25.283  5169-5169  AppStatusSender         ru.m4bank.store                      D  sendStatus ru.armax.cashbox.paymobF20 DOWNLOADING
2026-02-17 14:27:25.289  5169-5169  Descriptio...tBroadcast ru.m4bank.store                      D  AppStatusEventBroadcast onReceive
2026-02-17 14:27:25.293  5169-5169  Descriptio...tBroadcast ru.m4bank.store                      D  onEvent: ru.armax.cashbox.paymobF20 DOWNLOADING
2026-02-17 14:27:25.293  5169-5169  Descriptio...tBroadcast ru.m4bank.store                      D  current app: ru.armax.cashbox.paymobF20 DOWNLOADING
2026-02-17 14:27:25.295  5169-5169  Descriptio...tBroadcast ru.m4bank.store                      D  onEvent: installingVersion: 0.0.81
2026-02-17 14:27:25.295  5169-5169  Descriptio...tBroadcast ru.m4bank.store                      D  setInstalledVersion
2026-02-17 14:27:25.298  5169-5169  DescriptionAppFragment  ru.m4bank.store                      D  STATUS : DOWNLOADING
2026-02-17 14:27:25.299  5169-5169  StoreDownl...teListener ru.m4bank.store                      D  Event: onCompleted, Url: https://vtb.markets.paymob.ru/software/ru.armax.cashbox.paymobF20/paymob-F20-012-0.0.85_signedV2.apk, Id: -1665058066
2026-02-17 14:27:25.300  5169-5169  DownloadAn...e$download ru.m4bank.store                      D  download onSuccess: ru.armax.cashbox.paymobF20
2026-02-17 14:27:25.301   799-816   BroadcastQueue          system_server                        D  Add broadcast <BroadcastRecord{6227337 u0 com.tonyodev.fetch2.action.QUEUE_BACKOFF_RESET}> into [parallel | background], pending size 0
2026-02-17 14:27:25.302   799-827   BroadcastQueue          system_server                        D  Done with parallel broadcast [background] [BroadcastRecord{6227337 u0 com.tonyodev.fetch2.action.QUEUE_BACKOFF_RESET}]
2026-02-17 14:27:25.303  5169-5169  AppStatusSender         ru.m4bank.store                      D  sendStatus
2026-02-17 14:27:25.303  5169-5169  AppStatusSender         ru.m4bank.store                      D  sendStatus ru.armax.cashbox.paymobF20 AVAILABLE_FOR_INSTALL
2026-02-17 14:27:25.306  5169-5169  DownloadAn...allService ru.m4bank.store                      D  installIfTheFileIsCorrect
2026-02-17 14:27:25.309  5169-5169  FilesUtil               ru.m4bank.store                      D  check file: /storage/emulated/0/Download/85_ruarmaxcashboxpaymobF20.apk
2026-02-17 14:27:25.309  5169-5169  FilesUtil               ru.m4bank.store                      D  file.exists: /storage/emulated/0/Download/85_ruarmaxcashboxpaymobF20.apk
2026-02-17 14:27:25.401   799-816   BroadcastQueue          system_server                        D  Add broadcast <BroadcastRecord{f5000a4 u0 com.tonyodev.fetch2.action.QUEUE_BACKOFF_RESET}> into [parallel | background], pending size 0
2026-02-17 14:27:25.401   799-827   BroadcastQueue          system_server                        D  Done with parallel broadcast [background] [BroadcastRecord{f5000a4 u0 com.tonyodev.fetch2.action.QUEUE_BACKOFF_RESET}]
2026-02-17 14:27:25.403   799-967   WifiRssiLi...ncyMonitor system_server                        D  EVENT_WIFI_RSSI_LINKSPEED_FREQUENCY_CHANGED
2026-02-17 14:27:25.403   799-967   WifiRssiLi...ncyMonitor system_server                        D  Not any Obervers!!!
2026-02-17 14:27:25.946  1113-1552  GpioCtrl                com.android.systemui                 I  getGpioState fd=96
2026-02-17 14:27:25.949  1113-1552  GpioCtrl                com.android.systemui                 I  getGpioState=0
2026-02-17 14:27:25.949   383-383   netd                    netd                                 I  trafficSwapActiveStatsMap() <38.32ms>
2026-02-17 14:27:25.949  1113-1552  StatusBar               com.android.systemui                 I  Trigger run: state=0  sleepTime=3000
2026-02-17 14:27:25.953   383-383   netd                    netd                                 I  tetherGetStats() <2.72ms>
2026-02-17 14:27:25.977   799-959   BroadcastQueue          system_server                        D  Add broadcast <BroadcastRecord{70cde09 u-1 com.android.server.action.NETWORK_STATS_UPDATED}> into [parallel | background], pending size 0
2026-02-17 14:27:25.977   799-827   BroadcastQueue          system_server                        D  Done with parallel broadcast [background] [BroadcastRecord{70cde09 u-1 com.android.server.action.NETWORK_STATS_UPDATED}]
2026-02-17 14:27:25.990   383-383   netd                    netd                                 I  bandwidthSetGlobalAlert(2097152) <0.36ms>
2026-02-17 14:27:26.075   515-1302  GNSSMGT                 ven...prd.hardware.gnss@2.0-service  D  watchdog: PowerState[UNKOWN STATE], gps_flag[0], readcount[0], idle time = 0, HeartCount = 0
2026-02-17 14:27:26.159  5169-5169  AppStatusSender         ru.m4bank.store                      D  sendStatus
2026-02-17 14:27:26.160  5169-5169  AppStatusSender         ru.m4bank.store                      D  sendStatus ru.armax.cashbox.paymobF20 INSTALL_PROCESS
