2026-02-17 14:27:16.787   394-394   gralloc                 and...raphics.allocator@2.0-service  I  gralloc=>free hnd=0xb4d39000, share_fd=8, format=1, internal_format=0x1, byte_stride=2880, flags=4, usage=0xb00, size=766080, width=720, height=266, internalWidth=720, internalHeight=266, stride=720, base=0xb3d69000, writeOwner=0, min_pgsz=4096
2026-02-17 14:27:16.788   425-564   gralloc                 surfaceflinger                       I  gralloc_register hnd=0xa4f79580, share_fd=76, format=1, internal_format=0x1, byte_stride=2880, flags=4, usage=0xb00, size=766080, width=720, height=266, internalWidth=720, internalHeight=266, stride=720, base=0xa5ee7000, writeOwner=0, min_pgsz=4096
2026-02-17 14:27:16.789  5169-5218  gralloc                 ru.m4bank.store                      I  gralloc_register hnd=0x825f8d80, share_fd=78, format=1, internal_format=0x1, byte_stride=2880, flags=4, usage=0xb00, size=766080, width=720, height=266, internalWidth=720, internalHeight=266, stride=720, base=0x81a58000, writeOwner=0, min_pgsz=4096
2026-02-17 14:27:16.790   394-394   libc                    and...raphics.allocator@2.0-service  E  Access denied finding property "enable_ion_heap_id_mask_cam"
2026-02-17 14:27:16.790  5169-5218  <no-tag>                ru.m4bank.store                      E  Shared attribute region not available to be mapped
2026-02-17 14:27:16.790   394-394   gralloc                 and...raphics.allocator@2.0-service  I  gralloc=>alloc hnd=0xb4d39000, share_fd=8, format=1, internal_format=0x1, byte_stride=2880, flags=4, usage=0xb00, size=766080, width=720, height=266, internalWidth=720, internalHeight=266, stride=720, base=0xb3d69000, writeOwner=0, min_pgsz=4096
2026-02-17 14:27:16.791   394-394   gralloc                 and...raphics.allocator@2.0-service  I  gralloc_unregister hnd=0xb4d39000, share_fd=8, format=1, internal_format=0x1, byte_stride=2880, flags=4, usage=0xb00, size=766080, width=720, height=266, internalWidth=720, internalHeight=266, stride=720, base=0xb3d69000, writeOwner=0, min_pgsz=4096
2026-02-17 14:27:16.791   394-394   gralloc                 and...raphics.allocator@2.0-service  I  gralloc=>free hnd=0xb4d39000, share_fd=8, format=1, internal_format=0x1, byte_stride=2880, flags=4, usage=0xb00, size=766080, width=720, height=266, internalWidth=720, internalHeight=266, stride=720, base=0xb3d69000, writeOwner=0, min_pgsz=4096
2026-02-17 14:27:16.791   425-564   gralloc                 surfaceflinger                       I  gralloc_register hnd=0xa187a000, share_fd=83, format=1, internal_format=0x1, byte_stride=2880, flags=4, usage=0xb00, size=766080, width=720, height=266, internalWidth=720, internalHeight=266, stride=720, base=0xa36c5000, writeOwner=0, min_pgsz=4096
2026-02-17 14:27:16.792   394-394   libc                    and...raphics.allocator@2.0-service  E  Access denied finding property "enable_ion_heap_id_mask_cam"
2026-02-17 14:27:16.793   394-394   gralloc                 and...raphics.allocator@2.0-service  I  gralloc=>alloc hnd=0xb4d39000, share_fd=8, format=1, internal_format=0x1, byte_stride=2880, flags=4, usage=0xb00, size=766080, width=720, height=266, internalWidth=720, internalHeight=266, stride=720, base=0xb3d69000, writeOwner=0, min_pgsz=4096
2026-02-17 14:27:16.793   425-564   gralloc                 surfaceflinger                       I  gralloc_register hnd=0xa187a300, share_fd=84, format=1, internal_format=0x1, byte_stride=2880, flags=4, usage=0xb00, size=766080, width=720, height=266, internalWidth=720, internalHeight=266, stride=720, base=0xa3609000, writeOwner=0, min_pgsz=4096
2026-02-17 14:27:16.796   394-451   libc                    and...raphics.allocator@2.0-service  E  Access denied finding property "enable_ion_heap_id_mask_cam"
2026-02-17 14:27:16.797   394-451   gralloc                 and...raphics.allocator@2.0-service  I  gralloc=>alloc hnd=0xb4d390c0, share_fd=9, format=1, internal_format=0x1, byte_stride=2880, flags=4, usage=0xb00, size=766080, width=720, height=266, internalWidth=720, internalHeight=266, stride=720, base=0xb3cad000, writeOwner=0, min_pgsz=4096
2026-02-17 14:27:16.797   394-451   gralloc                 and...raphics.allocator@2.0-service  I  gralloc_unregister hnd=0xb4d390c0, share_fd=9, format=1, internal_format=0x1, byte_stride=2880, flags=4, usage=0xb00, size=766080, width=720, height=266, internalWidth=720, internalHeight=266, stride=720, base=0xb3cad000, writeOwner=0, min_pgsz=4096
2026-02-17 14:27:16.797   425-564   gralloc                 surfaceflinger                       I  gralloc_register hnd=0xa187a780, share_fd=30, format=1, internal_format=0x1, byte_stride=2880, flags=4, usage=0xb00, size=766080, width=720, height=266, internalWidth=720, internalHeight=266, stride=720, base=0xa354d000, writeOwner=0, min_pgsz=4096
2026-02-17 14:27:16.797   394-451   gralloc                 and...raphics.allocator@2.0-service  I  gralloc=>free hnd=0xb4d390c0, share_fd=9, format=1, internal_format=0x1, byte_stride=2880, flags=4, usage=0xb00, size=766080, width=720, height=266, internalWidth=720, internalHeight=266, stride=720, base=0xb3cad000, writeOwner=0, min_pgsz=4096
2026-02-17 14:27:16.798   394-394   gralloc                 and...raphics.allocator@2.0-service  I  gralloc_unregister hnd=0xb4d39000, share_fd=8, format=1, internal_format=0x1, byte_stride=2880, flags=4, usage=0xb00, size=766080, width=720, height=266, internalWidth=720, internalHeight=266, stride=720, base=0xb3d69000, writeOwner=0, min_pgsz=4096
2026-02-17 14:27:16.798   394-394   gralloc                 and...raphics.allocator@2.0-service  I  gralloc=>free hnd=0xb4d39000, share_fd=8, format=1, internal_format=0x1, byte_stride=2880, flags=4, usage=0xb00, size=766080, width=720, height=266, internalWidth=720, internalHeight=266, stride=720, base=0xb3d69000, writeOwner=0, min_pgsz=4096
2026-02-17 14:27:16.799   425-564   <no-tag>                surfaceflinger                       E  Shared attribute region not available to be mapped
2026-02-17 14:27:16.825  5169-5256  RetrofitNetworkClient   ru.m4bank.store                      V  Sending request: POST https://vtb.markets.paymob.ru/v2/software
                                                                                                    Headers: 
2026-02-17 14:27:16.826  5169-5257  RetrofitNetworkClient   ru.m4bank.store                      V  
                                                                                                    Body: {"serialNumber":"1508825150","applications":[{"build":81,"errorReason":"unknown install error","type":"ru.armax.cashbox.paymobF20","version":"0.0.81"}]}
2026-02-17 14:27:16.833  5169-5218  mali_winsys             ru.m4bank.store                      D  EGLint new_window_surface(egl_winsys_display *, void *, EGLSurface, EGLConfig, egl_winsys_surface **, EGLBoolean) returns 0x3000
2026-02-17 14:27:16.834   394-394   libc                    and...raphics.allocator@2.0-service  E  Access denied finding property "enable_ion_heap_id_mask_cam"
2026-02-17 14:27:16.835  5169-5169  RecyclerView            ru.m4bank.store                      W  No adapter attached; skipping layout
2026-02-17 14:27:16.835   394-394   gralloc                 and...raphics.allocator@2.0-service  I  gralloc=>alloc hnd=0xb4d39000, share_fd=8, format=1, internal_format=0x1, byte_stride=2880, flags=4, usage=0xb00, size=3686400, width=720, height=1280, internalWidth=720, internalHeight=1280, stride=720, base=0xb375c000, writeOwner=0, min_pgsz=4096
2026-02-17 14:27:16.836   394-394   gralloc                 and...raphics.allocator@2.0-service  I  gralloc_unregister hnd=0xb4d39000, share_fd=8, format=1, internal_format=0x1, byte_stride=2880, flags=4, usage=0xb00, size=3686400, width=720, height=1280, internalWidth=720, internalHeight=1280, stride=720, base=0xb375c000, writeOwner=0, min_pgsz=4096
2026-02-17 14:27:16.836   394-394   gralloc                 and...raphics.allocator@2.0-service  I  gralloc=>free hnd=0xb4d39000, share_fd=8, format=1, internal_format=0x1, byte_stride=2880, flags=4, usage=0xb00, size=3686400, width=720, height=1280, internalWidth=720, internalHeight=1280, stride=720, base=0xb375c000, writeOwner=0, min_pgsz=4096
2026-02-17 14:27:16.836   425-750   gralloc                 surfaceflinger                       I  gralloc_register hnd=0xa187aa80, share_fd=96, format=1, internal_format=0x1, byte_stride=2880, flags=4, usage=0xb00, size=3686400, width=720, height=1280, internalWidth=720, internalHeight=1280, stride=720, base=0xa2bf4000, writeOwner=0, min_pgsz=4096
2026-02-17 14:27:16.837   394-394   libc                    and...raphics.allocator@2.0-service  E  Access denied finding property "enable_ion_heap_id_mask_cam"
2026-02-17 14:27:16.842   394-394   gralloc                 and...raphics.allocator@2.0-service  I  gralloc=>alloc hnd=0xb4d39000, share_fd=8, format=1, internal_format=0x1, byte_stride=2880, flags=4, usage=0xb00, size=3686400, width=720, height=1280, internalWidth=720, internalHeight=1280, stride=720, base=0xb375c000, writeOwner=0, min_pgsz=4096
2026-02-17 14:27:16.843   425-750   gralloc                 surfaceflinger                       I  gralloc_register hnd=0xa187ac00, share_fd=53, format=1, internal_format=0x1, byte_stride=2880, flags=4, usage=0xb00, size=3686400, width=720, height=1280, internalWidth=720, internalHeight=1280, stride=720, base=0xa1de4000, writeOwner=0, min_pgsz=4096
2026-02-17 14:27:16.844   394-451   libc                    and...raphics.allocator@2.0-service  E  Access denied finding property "enable_ion_heap_id_mask_cam"
2026-02-17 14:27:16.845   394-451   gralloc                 and...raphics.allocator@2.0-service  I  gralloc=>alloc hnd=0xb4d390c0, share_fd=9, format=1, internal_format=0x1, byte_stride=2880, flags=4, usage=0xb00, size=3686400, width=720, height=1280, internalWidth=720, internalHeight=1280, stride=720, base=0xb33d8000, writeOwner=0, min_pgsz=4096
2026-02-17 14:27:16.846   394-451   gralloc                 and...raphics.allocator@2.0-service  I  gralloc_unregister hnd=0xb4d390c0, share_fd=9, format=1, internal_format=0x1, byte_stride=2880, flags=4, usage=0xb00, size=3686400, width=720, height=1280, internalWidth=720, internalHeight=1280, stride=720, base=0xb33d8000, writeOwner=0, min_pgsz=4096
2026-02-17 14:27:16.846   394-451   gralloc                 and...raphics.allocator@2.0-service  I  gralloc=>free hnd=0xb4d390c0, share_fd=9, format=1, internal_format=0x1, byte_stride=2880, flags=4, usage=0xb00, size=3686400, width=720, height=1280, internalWidth=720, internalHeight=1280, stride=720, base=0xb33d8000, writeOwner=0, min_pgsz=4096
2026-02-17 14:27:16.846   425-750   gralloc                 surfaceflinger                       I  gralloc_register hnd=0xa187acc0, share_fd=88, format=1, internal_format=0x1, byte_stride=2880, flags=4, usage=0xb00, size=3686400, width=720, height=1280, internalWidth=720, internalHeight=1280, stride=720, base=0xa1a60000, writeOwner=0, min_pgsz=4096
2026-02-17 14:27:16.848   394-451   libc                    and...raphics.allocator@2.0-service  E  Access denied finding property "enable_ion_heap_id_mask_cam"
2026-02-17 14:27:16.849   394-451   gralloc                 and...raphics.allocator@2.0-service  I  gralloc=>alloc hnd=0xb4d390c0, share_fd=9, format=1, internal_format=0x1, byte_stride=2880, flags=4, usage=0xb00, size=3686400, width=720, height=1280, internalWidth=720, internalHeight=1280, stride=720, base=0xb33d8000, writeOwner=0, min_pgsz=4096
2026-02-17 14:27:16.850   425-750   gralloc                 surfaceflinger                       I  gralloc_register hnd=0xa187ad80, share_fd=91, format=1, internal_format=0x1, byte_stride=2880, flags=4, usage=0xb00, size=3686400, width=720, height=1280, internalWidth=720, internalHeight=1280, stride=720, base=0xa14dc000, writeOwner=0, min_pgsz=4096
2026-02-17 14:27:16.851   394-394   gralloc                 and...raphics.allocator@2.0-service  I  gralloc_unregister hnd=0xb4d39000, share_fd=8, format=1, internal_format=0x1, byte_stride=2880, flags=4, usage=0xb00, size=3686400, width=720, height=1280, internalWidth=720, internalHeight=1280, stride=720, base=0xb375c000, writeOwner=0, min_pgsz=4096
2026-02-17 14:27:16.851   394-394   gralloc                 and...raphics.allocator@2.0-service  I  gralloc=>free hnd=0xb4d39000, share_fd=8, format=1, internal_format=0x1, byte_stride=2880, flags=4, usage=0xb00, size=3686400, width=720, height=1280, internalWidth=720, internalHeight=1280, stride=720, base=0xb375c000, writeOwner=0, min_pgsz=4096
2026-02-17 14:27:16.853   394-451   gralloc                 and...raphics.allocator@2.0-service  I  gralloc_unregister hnd=0xb4d390c0, share_fd=9, format=1, internal_format=0x1, byte_stride=2880, flags=4, usage=0xb00, size=3686400, width=720, height=1280, internalWidth=720, internalHeight=1280, stride=720, base=0xb33d8000, writeOwner=0, min_pgsz=4096
2026-02-17 14:27:16.853   394-451   gralloc                 and...raphics.allocator@2.0-service  I  gralloc=>free hnd=0xb4d390c0, share_fd=9, format=1, internal_format=0x1, byte_stride=2880, flags=4, usage=0xb00, size=3686400, width=720, height=1280, internalWidth=720, internalHeight=1280, stride=720, base=0xb33d8000, writeOwner=0, min_pgsz=4096
2026-02-17 14:27:16.857  5169-5218  gralloc                 ru.m4bank.store                      I  gralloc_register hnd=0x825fae80, share_fd=80, format=1, internal_format=0x1, byte_stride=2880, flags=4, usage=0xb00, size=3686400, width=720, height=1280, internalWidth=720, internalHeight=1280, stride=720, base=0x811d4000, writeOwner=0, min_pgsz=4096
2026-02-17 14:27:16.857  5169-5218  <no-tag>                ru.m4bank.store                      E  Shared attribute region not available to be mapped
2026-02-17 14:27:16.873  5169-5258  RetrofitNetworkClient   ru.m4bank.store                      V  Received response for: https://vtb.markets.paymob.ru/v2/software
                                                                                                    Headers: date: Tue, 17 Feb 2026 11:27:16 GMT
                                                                                                    content-type: application/json
                                                                                                    vary: Accept-Encoding
                                                                                                    x-content-type-options: nosniff
                                                                                                    x-xss-protection: 1; mode=block
                                                                                                    cache-control: no-cache, no-store, max-age=0, must-revalidate
                                                                                                    pragma: no-cache
                                                                                                    expires: 0
                                                                                                    strict-transport-security: max-age=31536000; includeSubdomains; preload
                                                                                                    x-frame-options: SAMEORIGIN
                                                                                                    content-security-policy: script-src 'self' 'sha256-epfHad2QZXZLgp6wYaCqbNFkXh59Q4UDNhZGymAervc='; object-src 'none'; base-uri 'self'
                                                                                                    referrer-policy: strict-origin
                                                                                                    permissions-policy: accelerometer=(), camera=(), geolocation=(), gyroscope=(), magnetometer=(), microphone=(), payment=(), usb=()
                                                                                                    server: LB
2026-02-17 14:27:16.874  5169-5259  RetrofitNetworkClient   ru.m4bank.store                      V  
                                                                                                    Body: {"install":[{"link":"https://vtb.markets.paymob.ru/software/ru.armax.cashbox.paymobF20/paymob-F20-012-0.0.85_signedV2.apk","version":"0.0.85","type":"ru.armax.cashbox.paymobF20","logo50Link":"https://vtb.markets.paymob.ru/software/ru.armax.cashbox.paymobF20/logo50.png","logo200Link":"https://vtb.markets.paymob.ru/software/ru.armax.cashbox.paymobF20/logo200.png","title":"0.85 фискальное ядро Paymob ФФД 1.2(F20)","description":"description","stepInstall":false,"checkSum":"4a447b8eb5852b9708e155e135abcc47","canInstall":true,"buildVersion":85.0,"reason":"Обновление недоступно. Обратитесь к поставщику услуги","visibleInAppList":true,"forcedInstallation":false,"forcedStartAfterInstallation":false,"priority":999.0,"removable":true}],"delete":[],"checkInterval":1800.0,"autoLogUpload":false}
2026-02-17 14:27:16.875   425-564   <no-tag>                surfaceflinger                       E  Shared attribute region not available to be mapped
2026-02-17 14:27:16.898   414-414   PowerHAL                ven...rd.hardware.power@4.0-service  D  ###Enter interaction_other scene bgn###
2026-02-17 14:27:16.899   414-414   PowerHAL                ven...rd.hardware.power@4.0-service  D  ###Enter interaction_other scene end###
2026-02-17 14:27:16.913   414-414   PowerHAL                ven...rd.hardware.power@4.0-service  D  ###Enter interaction_other scene bgn###
2026-02-17 14:27:16.913   414-414   PowerHAL                ven...rd.hardware.power@4.0-service  D  ###Enter interaction_other scene end###
2026-02-17 14:27:16.919  5169-5218  gralloc                 ru.m4bank.store                      I  gralloc_register hnd=0x81588380, share_fd=81, format=1, internal_format=0x1, byte_stride=2880, flags=4, usage=0xb00, size=3686400, width=720, height=1280, internalWidth=720, internalHeight=1280, stride=720, base=0x80e50000, writeOwner=0, min_pgsz=4096
2026-02-17 14:27:16.919  5169-5218  <no-tag>                ru.m4bank.store                      E  Shared attribute region not available to be mapped
2026-02-17 14:27:16.924   425-564   <no-tag>                surfaceflinger                       E  Shared attribute region not available to be mapped
2026-02-17 14:27:16.927  5169-5218  gralloc                 ru.m4bank.store                      I  gralloc_register hnd=0x81588440, share_fd=83, format=1, internal_format=0x1, byte_stride=2880, flags=4, usage=0xb00, size=766080, width=720, height=266, internalWidth=720, internalHeight=266, stride=720, base=0x80d94000, writeOwner=0, min_pgsz=4096
2026-02-17 14:27:16.927  5169-5169  ApiManager$getSoftList  ru.m4bank.store                      D  getSoftList onResponse: code = 200
2026-02-17 14:27:16.928  5169-5169  ApiManager              ru.m4bank.store                      D  Received soft list
2026-02-17 14:27:16.928  5169-5218  <no-tag>                ru.m4bank.store                      E  Shared attribute region not available to be mapped
2026-02-17 14:27:16.929  5169-5169  HomeFragmentPresenter   ru.m4bank.store                      D  onSuccess
2026-02-17 14:27:16.931  1113-1552  GpioCtrl                com.android.systemui                 I  getGpioState fd=96
2026-02-17 14:27:16.931  1113-1552  GpioCtrl                com.android.systemui                 I  getGpioState=0
2026-02-17 14:27:16.931  1113-1552  StatusBar               com.android.systemui                 I  Trigger run: state=0  sleepTime=3000
2026-02-17 14:27:16.932  5169-5169  FilesUtil               ru.m4bank.store                      D  getInstallingBuild: new build85
2026-02-17 14:27:16.935  5169-5169  FilesUtil               ru.m4bank.store                      D  getInstallingBuild: old build81
2026-02-17 14:27:16.936   425-564   <no-tag>                surfaceflinger                       E  Shared attribute region not available to be mapped
2026-02-17 14:27:16.944   425-563   gralloc                 surfaceflinger                       I  gralloc_unregister hnd=0xa187a300, share_fd=84, format=1, internal_format=0x1, byte_stride=2880, flags=4, usage=0xb00, size=766080, width=720, height=266, internalWidth=720, internalHeight=266, stride=720, base=0xa3609000, writeOwner=0, min_pgsz=4096
2026-02-17 14:27:16.944   425-563   gralloc                 surfaceflinger                       I  gralloc_unregister hnd=0xa187a000, share_fd=83, format=1, internal_format=0x1, byte_stride=2880, flags=4, usage=0xb00, size=766080, width=720, height=266, internalWidth=720, internalHeight=266, stride=720, base=0xa36c5000, writeOwner=0, min_pgsz=4096
2026-02-17 14:27:16.945   395-581   DPUModule               and...graphics.composer@2.1-service  W  Warning: Dispc cannot support 5 layer blending(0)
2026-02-17 14:27:16.945  5169-5218  gralloc                 ru.m4bank.store                      I  gralloc_unregister hnd=0x825f8d80, share_fd=78, format=1, internal_format=0x1, byte_stride=2880, flags=4, usage=0xb00, size=766080, width=720, height=266, internalWidth=720, internalHeight=266, stride=720, base=0x81a58000, writeOwner=0, min_pgsz=4096
2026-02-17 14:27:16.946  5169-5218  gralloc                 ru.m4bank.store                      I  gralloc_unregister hnd=0x81588440, share_fd=83, format=1, internal_format=0x1, byte_stride=2880, flags=4, usage=0xb00, size=766080, width=720, height=266, internalWidth=720, internalHeight=266, stride=720, base=0x80d94000, writeOwner=0, min_pgsz=4096
2026-02-17 14:27:16.946   425-563   BufferQueueProducer     surfaceflinger                       E  [ru.m4bank.store/ru.m4bank.store.ui.activity.view.GeneralActivity#0] disconnect: not connected (req=1)
2026-02-17 14:27:16.947  5169-5218  libEGL                  ru.m4bank.store                      W  EGLNativeWindowType 0x825611a8 disconnect failed
2026-02-17 14:27:16.948  5169-5169  Surface                 ru.m4bank.store                      D  release Surface,mNativeObject=2194204672, this Surface(name=null)/@0x4279d2b, caller: android.view.ViewRootImpl.destroySurface:1643 android.view.ViewRootImpl.dispatchDetachedFromWindow:4208 android.view.ViewRootImpl.doDie:7196 android.view.ViewRootImpl.die:7173 android.view.WindowManagerGlobal.removeViewLocked:519 android.view.WindowManagerGlobal.removeView:457 
2026-02-17 14:27:16.951   799-3386  WindowManager           system_server                        D  Input focus has changed to Window{5e742ab u0 ru.m4bank.store/ru.m4bank.store.ui.activity.view.GeneralActivity}
2026-02-17 14:27:16.955   425-425   gralloc                 surfaceflinger                       I  gralloc_unregister hnd=0xa4f79580, share_fd=76, format=1, internal_format=0x1, byte_stride=2880, flags=4, usage=0xb00, size=766080, width=720, height=266, internalWidth=720, internalHeight=266, stride=720, base=0xa5ee7000, writeOwner=0, min_pgsz=4096
2026-02-17 14:27:16.960   799-3386  InputDispatcher         system_server                        E  Window handle Window{3c9fb1c u0 ru.m4bank.store/ru.m4bank.store.ui.activity.view.GeneralActivity} has no registered input channel
2026-02-17 14:27:16.961   395-581   gralloc                 and...graphics.composer@2.1-service  I  gralloc_register hnd=0xa6442b00, share_fd=43, format=1, internal_format=0x1, byte_stride=2880, flags=4, usage=0xb00, size=3686400, width=720, height=1280, internalWidth=720, internalHeight=1280, stride=720, base=0xa3807000, writeOwner=0, min_pgsz=4096
2026-02-17 14:27:16.961   395-581   gralloc                 and...graphics.composer@2.1-service  I  gralloc_register hnd=0xa6442bc0, share_fd=46, format=1, internal_format=0x1, byte_stride=2880, flags=4, usage=0xb00, size=766080, width=720, height=266, internalWidth=720, internalHeight=266, stride=720, base=0xa33c7000, writeOwner=0, min_pgsz=4096
2026-02-17 14:27:16.961   395-581   DPUModule               and...graphics.composer@2.1-service  W  Warning: Dispc cannot support 7 layer blending(0)
2026-02-17 14:27:16.966  5169-5169  StarterReceiver         ru.m4bank.store                      D  StarterReceiver action: InternalStartServicesActionName
2026-02-17 14:27:16.968  5169-5169  Starter                 ru.m4bank.store                      I  startService alarm
2026-02-17 14:27:16.969  5169-5169  Starter                 ru.m4bank.store                      I  timer: 1800000
2026-02-17 14:27:16.969  5169-5169  PollingUtil             ru.m4bank.store                      I  stopPollingService
2026-02-17 14:27:16.971   799-3386  AlarmManagerService     system_server                        D  set alarm to kernel: 0.000000000, type=3 
2026-02-17 14:27:16.972  5169-5169  PollingUtil             ru.m4bank.store                      I  startPollingService.
2026-02-17 14:27:16.973  5169-5169  PollingUtil             ru.m4bank.store                      I  next alarm: 1771329436972
2026-02-17 14:27:16.975   799-799   BroadcastQueue          system_server                        D  Add broadcast <BroadcastRecord{2755e6f u0 android.app.action.NEXT_ALARM_CLOCK_CHANGED}> into [parallel | background], pending size 0
2026-02-17 14:27:16.976   799-799   SettingsProvider        system_server                        V  Notifying for 0: content://settings/system/next_alarm_formatted
2026-02-17 14:27:16.977   799-799   BroadcastQueue          system_server                        D  Add broadcast <BroadcastRecord{799377c u0 android.app.action.NEXT_ALARM_CLOCK_CHANGED}> into [parallel | background], pending size 1
2026-02-17 14:27:16.978   799-799   SettingsProvider        system_server                        V  Notifying for 0: content://settings/system/next_alarm_formatted
2026-02-17 14:27:16.980  1113-1113  AlarmManager            com.android.systemui                 W  Unrecognized alarm listener com.android.systemui.keyguard.-$$Lambda$KeyguardSliceProvider$IhzByd8TsqFuOrSyuGurVskyPLo@7aa6516
2026-02-17 14:27:16.983   799-827   BroadcastQueue          system_server                        D  Done with parallel broadcast [background] [BroadcastRecord{2755e6f u0 android.app.action.NEXT_ALARM_CLOCK_CHANGED}, BroadcastRecord{799377c u0 android.app.action.NEXT_ALARM_CLOCK_CHANGED}]
2026-02-17 14:27:16.984   799-799   ConditionProviders.SCP  system_server                        D  onReceive android.app.action.NEXT_ALARM_CLOCK_CHANGED
2026-02-17 14:27:16.984   799-3386  AlarmManagerService     system_server                        D  set alarm to kernel: 3273.863000000, type=3 
2026-02-17 14:27:16.985   799-799   ConditionProviders.SCP  system_server                        D  evaluateSubscriptionLocked cal=ScheduleCalendar[mDays={1, 2, 3, 4, 5, 6, 7}, mSchedule=ScheduleInfo{days=[1, 2, 3, 4, 5, 6, 7], startHour=22, startMinute=0, endHour=7, endMinute=0, exitAtAlarm=true, nextAlarm=Tue Feb 17 14:57:07 GMT+03:00 2026 (1771329427847)}], now=Tue Feb 17 14:27:16 GMT+03:00 2026 (1771327636984), nextUserAlarmTime=Tue Feb 17 14:57:16 GMT+03:00 2026 (1771329436973)
2026-02-17 14:27:16.985   799-799   ConditionProviders.SCP  system_server                        D  notifyCondition condition://android/schedule?days=1.2.3.4.5.6.7&start=22.0&end=7.0&exitAtAlarm=true STATE_FALSE reason=!meetsSchedule
2026-02-17 14:27:16.988   799-799   AlarmManagerService     system_server                        D  set alarm to kernel: 0.000000000, type=3 
2026-02-17 14:27:16.991   414-414   PowerHAL                ven...rd.hardware.power@4.0-service  D  ###Enter interaction_other scene bgn###
2026-02-17 14:27:16.991   414-414   PowerHAL                ven...rd.hardware.power@4.0-service  D  ###Enter interaction_other scene end###
2026-02-17 14:27:16.991   414-414   PowerHAL                ven...rd.hardware.power@4.0-service  D  ###Enter interaction_other scene bgn###
2026-02-17 14:27:16.992   414-414   PowerHAL                ven...rd.hardware.power@4.0-service  D  ###Enter interaction_other scene end###
2026-02-17 14:27:16.993   395-2304  DPUModule               and...graphics.composer@2.1-service  W  Warning: Dispc cannot support 7 layer blending(0)
2026-02-17 14:27:17.002   799-799   ConditionProviders.SCP  system_server                        D  Scheduling evaluate for Tue Feb 17 22:00:00 GMT+03:00 2026 (1771354800000), in +7h32m43s16ms, now=Tue Feb 17 14:27:16 GMT+03:00 2026 (1771327636984)
2026-02-17 14:27:17.003   799-799   ConditionProviders.SCP  system_server                        D  onReceive android.app.action.NEXT_ALARM_CLOCK_CHANGED
2026-02-17 14:27:17.003   799-799   ConditionProviders.SCP  system_server                        D  evaluateSubscriptionLocked cal=ScheduleCalendar[mDays={1, 2, 3, 4, 5, 6, 7}, mSchedule=ScheduleInfo{days=[1, 2, 3, 4, 5, 6, 7], startHour=22, startMinute=0, endHour=7, endMinute=0, exitAtAlarm=true, nextAlarm=Tue Feb 17 14:57:07 GMT+03:00 2026 (1771329427847)}], now=Tue Feb 17 14:27:17 GMT+03:00 2026 (1771327637003), nextUserAlarmTime=Tue Feb 17 14:57:16 GMT+03:00 2026 (1771329436973)
2026-02-17 14:27:17.004   799-799   ConditionProviders.SCP  system_server                        D  notifyCondition condition://android/schedule?days=1.2.3.4.5.6.7&start=22.0&end=7.0&exitAtAlarm=true STATE_FALSE reason=!meetsSchedule
2026-02-17 14:27:17.006  1113-1113  AlarmManager            com.android.systemui                 W  Unrecognized alarm listener com.android.systemui.keyguard.-$$Lambda$KeyguardSliceProvider$IhzByd8TsqFuOrSyuGurVskyPLo@7aa6516
2026-02-17 14:27:17.007   799-816   AlarmManagerService     system_server                        D  set alarm to kernel: 3273.888000000, type=3 
2026-02-17 14:27:17.012   799-799   ConditionProviders.SCP  system_server                        D  Scheduling evaluate for Tue Feb 17 22:00:00 GMT+03:00 2026 (1771354800000), in +7h32m42s997ms, now=Tue Feb 17 14:27:17 GMT+03:00 2026 (1771327637003)
2026-02-17 14:27:17.013   799-799   AlarmManagerService     system_server                        D  set alarm to kernel: 3273.888000000, type=3 
2026-02-17 14:27:17.014  1113-1113  KeyguardUpdateMonitor   com.android.systemui                 D  handleTimeUpdate
2026-02-17 14:27:17.014  1113-1113  KeyguardStatusView      com.android.systemui                 D  refeshFormat mClockView.getText() = 14:27
2026-02-17 14:27:17.018   395-2304  DPUModule               and...graphics.composer@2.1-service  W  Warning: Dispc cannot support 7 layer blending(0)
2026-02-17 14:27:17.025  1113-1113  KeyguardStatusView      com.android.systemui                 D  refreshTime mClockView.getText() = 14:27
2026-02-17 14:27:17.026  1113-1113  KeyguardClockSwitch     com.android.systemui                 D  Updating clock: 14:27
2026-02-17 14:27:17.036   395-2304  DPUModule               and...graphics.composer@2.1-service  W  Warning: Dispc cannot support 7 layer blending(0)
2026-02-17 14:27:17.040  1113-1113  KeyguardUpdateMonitor   com.android.systemui                 D  handleTimeUpdate
2026-02-17 14:27:17.040  1113-1113  KeyguardStatusView      com.android.systemui                 D  refeshFormat mClockView.getText() = 14:27
2026-02-17 14:27:17.042  1113-1113  KeyguardStatusView      com.android.systemui                 D  refreshTime mClockView.getText() = 14:27
2026-02-17 14:27:17.045  1113-1113  KeyguardClockSwitch     com.android.systemui                 D  Updating clock: 14:27
2026-02-17 14:27:17.048  5169-5218  gralloc                 ru.m4bank.store                      I  gralloc_register hnd=0x815891c0, share_fd=74, format=1, internal_format=0x1, byte_stride=2880, flags=4, usage=0xb00, size=3686400, width=720, height=1280, internalWidth=720, internalHeight=1280, stride=720, base=0x809c3000, writeOwner=0, min_pgsz=4096
2026-02-17 14:27:17.048  5169-5218  <no-tag>                ru.m4bank.store                      E  Shared attribute region not available to be mapped
2026-02-17 14:27:17.062   425-750   <no-tag>                surfaceflinger                       E  Shared attribute region not available to be mapped
2026-02-17 14:27:17.066   395-2304  gralloc                 and...graphics.composer@2.1-service  I  gralloc_register hnd=0xa6442c80, share_fd=30, format=1, internal_format=0x1, byte_stride=2880, flags=4, usage=0xb00, size=3686400, width=720, height=1280, internalWidth=720, internalHeight=1280, stride=720, base=0xa3043000, writeOwner=0, min_pgsz=4096
2026-02-17 14:27:17.066   395-2304  DPUModule               and...graphics.composer@2.1-service  W  Warning: Dispc cannot support 7 layer blending(0)
2026-02-17 14:27:17.098   395-2304  chatty                  and...graphics.composer@2.1-service  I  uid=1000(system) HwBinder:395_3 identical 2 lines
2026-02-17 14:27:17.124   395-2304  DPUModule               and...graphics.composer@2.1-service  W  Warning: Dispc cannot support 7 layer blending(0)
2026-02-17 14:27:17.124  1369-1409  PosSysService           com.ft.possystemapi.server           D  ServiceManagerImpl.queryBinder: get SystemManager instance, caller=com.ft.possystemapi.server.PosSysapiService$ServiceManagerImpl.getSystemManager:456
2026-02-17 14:27:17.126  1369-2265  PosDevice               com.ft.possystemapi.server           E  readPersistSaveCustomerFile: paymobF20.dat error, File not exists!
2026-02-17 14:27:17.133  5169-5182  ru.m4bank.stor          ru.m4bank.store                      I  Background young concurrent copying GC freed 35553(2164KB) AllocSpace objects, 0(0B) LOS objects, 36% free, 3785KB/5927KB, paused 3.788ms total 107.652ms
2026-02-17 14:27:17.137  5169-5184  Surface                 ru.m4bank.store                      D  release Surface,mNativeObject=0, this Surface(name=null)/@0xa18e782, caller: android.view.Surface.finalize:244 java.lang.Daemons$FinalizerDaemon.doFinalize:289 java.lang.Daemons$FinalizerDaemon.runInternal:276 java.lang.Daemons$Daemon.run:137 java.lang.Thread.run:919 <bottom of call stack> 
2026-02-17 14:27:17.137  5169-5218  gralloc                 ru.m4bank.store                      I  gralloc_register hnd=0x825fa7c0, share_fd=77, format=1, internal_format=0x1, byte_stride=2880, flags=4, usage=0xb00, size=3686400, width=720, height=1280, internalWidth=720, internalHeight=1280, stride=720, base=0x8042d000, writeOwner=0, min_pgsz=4096
2026-02-17 14:27:17.138  5169-5218  <no-tag>                ru.m4bank.store                      E  Shared attribute region not available to be mapped
2026-02-17 14:27:17.139   395-2304  DPUModule               and...graphics.composer@2.1-service  W  Warning: Dispc cannot support 7 layer blending(0)
2026-02-17 14:27:17.140  5169-5184  Surface                 ru.m4bank.store                      D  release Surface,mNativeObject=0, this Surface(name=null)/@0x4279d2b, caller: android.view.Surface.finalize:244 java.lang.Daemons$FinalizerDaemon.doFinalize:289 java.lang.Daemons$FinalizerDaemon.runInternal:276 java.lang.Daemons$Daemon.run:137 java.lang.Thread.run:919 <bottom of call stack> 
2026-02-17 14:27:17.151   425-563   <no-tag>                surfaceflinger                       E  Shared attribute region not available to be mapped
2026-02-17 14:27:17.156   395-2304  DPUModule               and...graphics.composer@2.1-service  W  Warning: Dispc cannot support 7 layer blending(0)
2026-02-17 14:27:17.168   395-2304  gralloc                 and...graphics.composer@2.1-service  I  gralloc_unregister hnd=0xa6442bc0, share_fd=46, format=1, internal_format=0x1, byte_stride=2880, flags=4, usage=0xb00, size=766080, width=720, height=266, internalWidth=720, internalHeight=266, stride=720, base=0xa33c7000, writeOwner=0, min_pgsz=4096
2026-02-17 14:27:17.170   395-2304  gralloc                 and...graphics.composer@2.1-service  I  gralloc_register hnd=0xa64428c0, share_fd=34, format=1, internal_format=0x1, byte_stride=2880, flags=4, usage=0xb00, size=3686400, width=720, height=1280, internalWidth=720, internalHeight=1280, stride=720, base=0xa1f6b000, writeOwner=0, min_pgsz=4096
2026-02-17 14:27:17.170   395-2304  DPUModule               and...graphics.composer@2.1-service  W  Warning: Dispc cannot support 6 layer blending(0)
2026-02-17 14:27:17.187   395-2304  gralloc                 and...graphics.composer@2.1-service  I  gralloc_register hnd=0xa6442bc0, share_fd=36, format=1, internal_format=0x1, byte_stride=2880, flags=4, usage=0xb00, size=3686400, width=720, height=1280, internalWidth=720, internalHeight=1280, stride=720, base=0xa1863000, writeOwner=0, min_pgsz=4096
2026-02-17 14:27:17.187   395-2304  DPUModule               and...graphics.composer@2.1-service  W  Warning: Dispc cannot support 6 layer blending(0)
2026-02-17 14:27:17.213   395-2304  DPUModule               and...graphics.composer@2.1-service  W  Warning: Dispc cannot support 6 layer blending(0)
2026-02-17 14:27:17.220   414-414   PowerHAL                ven...rd.hardware.power@4.0-service  D  ###Enter interaction_other scene bgn###
2026-02-17 14:27:17.220   414-414   PowerHAL                ven...rd.hardware.power@4.0-service  D  ###Enter interaction_other scene end###
2026-02-17 14:27:17.229   395-2304  DPUModule               and...graphics.composer@2.1-service  W  Warning: Dispc cannot support 5 layer blending(0)
2026-02-17 14:27:17.242   425-425   gralloc                 surfaceflinger                       I  gralloc_unregister hnd=0xa187a780, share_fd=30, format=1, internal_format=0x1, byte_stride=2880, flags=4, usage=0xb00, size=766080, width=720, height=266, internalWidth=720, internalHeight=266, stride=720, base=0xa354d000, writeOwner=0, min_pgsz=4096
2026-02-17 14:27:17.246   395-2304  gralloc                 and...graphics.composer@2.1-service  I  gralloc_unregister hnd=0xa6442440, share_fd=45, format=1, internal_format=0x1, byte_stride=2880, flags=4, usage=0xb00, size=3686400, width=720, height=1280, internalWidth=720, internalHeight=1280, stride=720, base=0xa3483000, writeOwner=0, min_pgsz=4096
2026-02-17 14:27:17.334  5169-5169  Surface                 ru.m4bank.store                      D  release Surface,mNativeObject=2750785536, this Surface(name=null)/@0x79b3ed0, caller: android.view.ViewRootImpl.destroySurface:1643 android.view.ViewRootImpl.setWindowStopped:1589 android.view.WindowManagerGlobal.setStoppedState:709 android.app.Activity.performStop:8098 android.app.ActivityThread.callActivityOnStop:4713 android.app.ActivityThread.performStopActivityInner:4691 
2026-02-17 14:27:17.338  5169-5169  ConnectivityManager     ru.m4bank.store                      D  NetworkCallback was already unregistered
2026-02-17 14:27:17.339   799-969   ConnectivityService     system_server                        D  releasing NetworkRequest [ LISTEN id=41, [ Transports: CELLULAR|WIFI Capabilities: INTERNET&NOT_RESTRICTED&TRUSTED&NOT_VPN&FOREGROUND Uid: 10042] ] (release request)
2026-02-17 14:27:17.340   425-750   gralloc                 surfaceflinger                       I  gralloc_unregister hnd=0xa187a600, share_fd=69, format=1, internal_format=0x1, byte_stride=2880, flags=4, usage=0xb00, size=3686400, width=720, height=1280, internalWidth=720, internalHeight=1280, stride=720, base=0xa24ec000, writeOwner=0, min_pgsz=4096
2026-02-17 14:27:17.341   425-750   gralloc                 surfaceflinger                       I  gralloc_unregister hnd=0xa187a180, share_fd=68, format=1, internal_format=0x1, byte_stride=2880, flags=4, usage=0xb00, size=3686400, width=720, height=1280, internalWidth=720, internalHeight=1280, stride=720, base=0xa2870000, writeOwner=0, min_pgsz=4096
2026-02-17 14:27:17.341   425-750   gralloc                 surfaceflinger                       I  gralloc_unregister hnd=0xa4f79b80, share_fd=75, format=1, internal_format=0x1, byte_stride=2880, flags=4, usage=0xb00, size=3686400, width=720, height=1280, internalWidth=720, internalHeight=1280, stride=720, base=0xa391a000, writeOwner=0, min_pgsz=4096
2026-02-17 14:27:17.342  5169-5218  gralloc                 ru.m4bank.store                      I  gralloc_unregister hnd=0x9a0a0c80, share_fd=68, format=1, internal_format=0x1, byte_stride=2880, flags=4, usage=0xb00, size=3686400, width=720, height=1280, internalWidth=720, internalHeight=1280, stride=720, base=0x8274e000, writeOwner=0, min_pgsz=4096
2026-02-17 14:27:17.343  5169-5218  gralloc                 ru.m4bank.store                      I  gralloc_unregister hnd=0x9a0a0f80, share_fd=72, format=1, internal_format=0x1, byte_stride=2880, flags=4, usage=0xb00, size=3686400, width=720, height=1280, internalWidth=720, internalHeight=1280, stride=720, base=0x8214a000, writeOwner=0, min_pgsz=4096
2026-02-17 14:27:17.343   425-750   BufferQueueProducer     surfaceflinger                       E  [ru.m4bank.store/ru.m4bank.store.ui.activity.view.UpdateSelfActivity#0] disconnect: not connected (req=1)
2026-02-17 14:27:17.343  5169-5218  libEGL                  ru.m4bank.store                      W  EGLNativeWindowType 0x9a0d46e8 disconnect failed
2026-02-17 14:27:17.344  5169-5169  Surface                 ru.m4bank.store                      D  release Surface,mNativeObject=0, this Surface(name=null)/@0x79b3ed0, caller: android.view.ViewRootImpl.destroySurface:1643 android.view.ViewRootImpl.dispatchDetachedFromWindow:4208 android.view.ViewRootImpl.doDie:7196 android.view.ViewRootImpl.die:7173 android.view.WindowManagerGlobal.removeViewLocked:519 android.view.WindowManagerGlobal.removeView:457 
2026-02-17 14:27:17.374   425-425   gralloc                 surfaceflinger                       I  gralloc_unregister hnd=0xa187a6c0, share_fd=61, format=1, internal_format=0x1, byte_stride=2880, flags=4, usage=0xb00, size=3686400, width=720, height=1280, internalWidth=720, internalHeight=1280, stride=720, base=0xa2168000, writeOwner=0, min_pgsz=4096
2026-02-17 14:27:18.074   515-1302  GNSSMGT                 ven...prd.hardware.gnss@2.0-service  D  watchdog: PowerState[UNKOWN STATE], gps_flag[0], readcount[0], idle time = 0, HeartCount = 0
2026-02-17 14:27:18.153   535-562   WCND                    connmgr                              D  is_cp2_alive_ok: open polling interface: /proc/mdbg/loopcheck, fd = 14
2026-02-17 14:27:18.254   535-562   WCND                    connmgr                              D  is_cp2_alive_ok: loop: /proc/mdbg/loopcheck is OK
2026-02-17 14:27:18.284   799-946   InputReader             system_server                        D  processEventsLocked: type=1 Count=8 code=330 value=1 deviceId=1
2026-02-17 14:27:18.286   414-414   PowerHAL                ven...rd.hardware.power@4.0-service  D  ###Enter interaction_other scene bgn###
2026-02-17 14:27:18.286   414-414   PowerHAL                ven...rd.hardware.power@4.0-service  D  ###Enter interaction_other scene end###
2026-02-17 14:27:18.286   414-414   PowerHAL                ven...rd.hardware.power@4.0-service  D  ###Enter interaction_other scene bgn###
2026-02-17 14:27:18.286   414-414   PowerHAL                ven...rd.hardware.power@4.0-service  D  ###Enter interaction_other scene end###
2026-02-17 14:27:18.321   799-946   InputReader             system_server                        D  processEventsLocked: type=1 Count=3 code=330 value=0 deviceId=1
2026-02-17 14:27:18.346  5169-5169  DescriptionAppFragment  ru.m4bank.store                      D  start DescriptionAppFragment
2026-02-17 14:27:18.347  5169-5169  VirtualDeviceUtils      ru.m4bank.store                      D  MODEL: F20
2026-02-17 14:27:18.347  5169-5169  VirtualDeviceUtils      ru.m4bank.store                      D  BRAND: SPRD
2026-02-17 14:27:18.348  5169-5169  VirtualDeviceUtils      ru.m4bank.store                      D  MANUFACTURER: sprd
2026-02-17 14:27:18.349  5169-5169  Descriptio...tPresenter ru.m4bank.store                      D  deviceTypeModel: F20
2026-02-17 14:27:18.393  5169-5169  DescriptionAppFragment  ru.m4bank.store                      I  inputAPp = AVAILABLE_FOR_UPDATE
2026-02-17 14:27:18.395  5169-5169  DescriptionAppFragment  ru.m4bank.store                      D  STATUS : AVAILABLE_FOR_UPDATE
2026-02-17 14:27:18.397  5169-5169  DescriptionAppFragment  ru.m4bank.store                      D  goneProgressAndShowInstallButtonWithCustomText: Обновить
2026-02-17 14:27:18.397  5169-5169  DescriptionAppFragment  ru.m4bank.store                      D  setVisibilityProgressWithDelay
2026-02-17 14:27:18.478   414-414   PowerHAL                ven...rd.hardware.power@4.0-service  D  ###Exit launch scene bgn###
2026-02-17 14:27:18.479   414-414   PowerHAL                ven...rd.hardware.power@4.0-service  D  ###Exit launch scene end###
2026-02-17 14:27:18.968   799-946   InputReader             system_server                        D  processEventsLocked: type=1 Count=8 code=330 value=1 deviceId=1
2026-02-17 14:27:18.971   414-414   PowerHAL                ven...rd.hardware.power@4.0-service  D  ###Enter interaction_other scene bgn###
2026-02-17 14:27:18.972   414-414   PowerHAL                ven...rd.hardware.power@4.0-service  D  ###Enter interaction_other scene end###
2026-02-17 14:27:18.973   414-414   PowerHAL                ven...rd.hardware.power@4.0-service  D  ###Enter interaction_other scene bgn###
2026-02-17 14:27:18.973   414-414   PowerHAL                ven...rd.hardware.power@4.0-service  D  ###Enter interaction_other scene end###
2026-02-17 14:27:19.043   799-946   InputReader             system_server                        D  processEventsLocked: type=1 Count=3 code=330 value=0 deviceId=1
2026-02-17 14:27:19.046  5169-5169  DescriptionAppFragment  ru.m4bank.store                      D  setVisibilityProgressWithDelay
2026-02-17 14:27:19.047  5169-5169  Descriptio...tPresenter ru.m4bank.store                      D  start DownloadAndInstallService
2026-02-17 14:27:19.068  5169-5169  FilesUtil               ru.m4bank.store                      D  getInstallingBuild: new build85
2026-02-17 14:27:19.069  5169-5169  FilesUtil               ru.m4bank.store                      D  getInstallingBuild: old build81
2026-02-17 14:27:19.070  5169-5169  AppStatusSender         ru.m4bank.store                      D  sendStatus
2026-02-17 14:27:19.071  5169-5169  AppStatusSender         ru.m4bank.store                      D  sendStatus ru.armax.cashbox.paymobF20 AVAILABLE_FOR_UPDATE
2026-02-17 14:27:19.071  5169-5169  VirtualDeviceUtils      ru.m4bank.store                      D  MODEL: F20
2026-02-17 14:27:19.072  5169-5169  VirtualDeviceUtils      ru.m4bank.store                      D  BRAND: SPRD
2026-02-17 14:27:19.072  5169-5169  VirtualDeviceUtils      ru.m4bank.store                      D  MANUFACTURER: sprd
2026-02-17 14:27:19.073  5169-5169  VirtualDeviceUtils      ru.m4bank.store                      D  MODEL: F20
2026-02-17 14:27:19.074  5169-5169  VirtualDeviceUtils      ru.m4bank.store                      D  BRAND: SPRD
2026-02-17 14:27:19.074  5169-5169  VirtualDeviceUtils      ru.m4bank.store                      D  MANUFACTURER: sprd
2026-02-17 14:27:19.074  5169-5169  FeitianTerminalManager  ru.m4bank.store                      D  acceptPermissionsAutomatically
2026-02-17 14:27:19.076   799-818   LocationManagerService  system_server                        D  onPermissionsChanged
2026-02-17 14:27:19.076   799-818   LocationManagerService  system_server                        I  applyRequirementsLocked to passive prvider.
2026-02-17 14:27:19.077   799-816   StorageManagerService   system_server                        I  Cmd send remountUidExternalStorage uid 10042 mode 3
2026-02-17 14:27:19.077   799-818   LocationManagerService  system_server                        I  applyRequirementsLocked to gps prvider.
2026-02-17 14:27:19.077   275-368   vold                    vold                                 D  Remounting 10042 as mode write
2026-02-17 14:27:19.082   799-818   GnssLocationProvider    system_server                        D  WakeLock acquired by sendMessage(SET_REQUEST, 0, com.android.server.location.GnssLocationProvider$GpsRequest@cba147b)
2026-02-17 14:27:19.082   799-818   LocationManagerService  system_server                        I  applyRequirementsLocked to network prvider.
2026-02-17 14:27:19.082   799-818   LocationManagerService  system_server                        I  applyRequirementsLocked to fused prvider.
2026-02-17 14:27:19.083  1662-1723  NLP                     com.feitian.location                 D  onSetRequest: request=ProviderRequest[OFF], ws=WorkSource{}
2026-02-17 14:27:19.083  1662-1662  NLEngine                com.feitian.location                 D  disableProvider: caller=com.feitian.location.LocationHelper.updateRequirements:255
2026-02-17 14:27:19.084   799-818   GnssVisibilityControl   system_server                        D  Proxy app com.spreadtrum.proxy.suplni is not found.
2026-02-17 14:27:19.084   799-818   GnssVisibilityControl   system_server                        D  Proxy app com.spreadtrum.proxy.controlni is not found.
2026-02-17 14:27:19.085   799-818   GnssVisibilityControl   system_server                        D  Proxy app com.spreadtrum.proxy.controlsi is not found.
2026-02-17 14:27:19.085   799-818   GnssLocationProvider    system_server                        D  setRequest ProviderRequest[OFF]
2026-02-17 14:27:19.085   799-818   GnssLocationProvider    system_server                        I  reportLocation: false, isGpsEnabled: true, mStarted: false
2026-02-17 14:27:19.086   799-818   GnssLocationProvider    system_server                        D  stopNavigating
2026-02-17 14:27:19.086   799-818   GnssLocationProvider    system_server                        D  WakeLock released by handleMessage(SET_REQUEST, 0, com.android.server.location.GnssLocationProvider$GpsRequest@cba147b)
2026-02-17 14:27:19.089   275-368   vold                    vold                                 D  Found matching PID 5169
2026-02-17 14:27:19.161   799-816   StorageManagerService   system_server                        I  Cmd send remountUidExternalStorage end uid 10042 mode 3
2026-02-17 14:27:19.163   799-818   LocationManagerService  system_server                        D  onPermissionsChanged
