2026-02-17 14:27:26.161  5169-5169  TerminalManager         ru.m4bank.store                      D  install: ru.armax.cashbox.paymobF20
2026-02-17 14:27:26.162  5169-5169  TerminalManager         ru.m4bank.store                      D  install: installIfNeedAction.run()
2026-02-17 14:27:26.162  5169-5169  TerminalManager         ru.m4bank.store                      D  install: installIfNeedAction
2026-02-17 14:27:26.164  5169-5169  TerminalManager         ru.m4bank.store                      D  install: isInstallAllowed
2026-02-17 14:27:26.164  5169-5169  FeitianTerminalManager  ru.m4bank.store                      D  installApp
2026-02-17 14:27:26.165  5169-5169  FeitianTerminalManager  ru.m4bank.store                      D  INSTALL: startInstallation ru.armax.cashbox.paymobF20
2026-02-17 14:27:26.166  5169-5169  FeitianTerminalManager  ru.m4bank.store                      W  file.exists()
2026-02-17 14:27:26.167  1369-2265  InstallUtils            com.ft.possystemapi.server           D  install28 path=/storage/emulated/0/Download/85_ruarmaxcashboxpaymobF20.apk
2026-02-17 14:27:26.178  1369-2265  PackageParser           com.ft.possystemapi.server           W  Ignoring duplicate uses-permissions/uses-permissions-sdk-m: android.permission.WRITE_EXTERNAL_STORAGE in package: ru.armax.cashbox.paymobF20 at: Binary XML file line #30
2026-02-17 14:27:26.179  1369-2265  PackageParser           com.ft.possystemapi.server           W  Ignoring duplicate uses-permissions/uses-permissions-sdk-m: android.permission.ACCESS_NETWORK_STATE in package: ru.armax.cashbox.paymobF20 at: Binary XML file line #31
2026-02-17 14:27:26.179  1369-2265  PackageParser           com.ft.possystemapi.server           W  Ignoring duplicate uses-permissions/uses-permissions-sdk-m: android.permission.INTERNET in package: ru.armax.cashbox.paymobF20 at: Binary XML file line #63
2026-02-17 14:27:26.180  1369-2265  PackageParser           com.ft.possystemapi.server           W  Ignoring duplicate uses-permissions/uses-permissions-sdk-m: android.permission.CAMERA in package: ru.armax.cashbox.paymobF20 at: Binary XML file line #82
2026-02-17 14:27:26.183  1369-2265  InstallUtils            com.ft.possystemapi.server           I  install: pkgName=ru.armax.cashbox.paymobF20
2026-02-17 14:27:26.241  1369-2265  InstallUtils            com.ft.possystemapi.server           D  install28  sessionId=984348463
2026-02-17 14:27:26.947  1369-2265  InstallUtils            com.ft.possystemapi.server           I  streamed 30668738 bytes
2026-02-17 14:27:26.950  1369-2265  InstallUtils            com.ft.possystemapi.server           D  install28  copySuccess=true
2026-02-17 14:27:26.952  1369-2265  InstallUtils            com.ft.possystemapi.server           I  targetSdkVersion: 29
2026-02-17 14:27:27.067  1369-2265  InstallUtils            com.ft.possystemapi.server           I  begin session
2026-02-17 14:27:27.121  1369-1409  PosSysService           com.ft.possystemapi.server           D  ServiceManagerImpl.queryBinder: get SystemManager instance, caller=com.ft.possystemapi.server.PosSysapiService$ServiceManagerImpl.getSystemManager:456
2026-02-17 14:27:27.124  1369-1409  PosDevice               com.ft.possystemapi.server           E  readPersistSaveCustomerFile: paymobF20.dat error, File not exists!
2026-02-17 14:27:28.075   515-1302  GNSSMGT                 ven...prd.hardware.gnss@2.0-service  D  watchdog: PowerState[UNKOWN STATE], gps_flag[0], readcount[0], idle time = 0, HeartCount = 0
2026-02-17 14:27:28.077   799-844   PackageManager          system_server                        I  init_copy: InstallParams{8c7a428 file=/data/app/vmdl984348463.tmp}
2026-02-17 14:27:28.077   799-844   PackageManager          system_server                        I  startCopy UserHandle{0}: InstallParams{8c7a428 file=/data/app/vmdl984348463.tmp}
2026-02-17 14:27:28.077   799-816   system_server           system_server                        W  Long monitor contention with owner PackageInstaller (922) at long android.content.res.ApkAssets.nativeLoad(java.lang.String, boolean, boolean, boolean)(ApkAssets.java:-2) waiters=0 in void com.android.server.pm.PackageInstallerSession.closeInternal(boolean) for 1.008s
2026-02-17 14:27:28.077   799-844   PackageManager          system_server                        E  handleStartCopy: onInt = true ephemeral = false
2026-02-17 14:27:28.080  5169-5169  Choreographer           ru.m4bank.store                      I  Skipped 186 frames!  The application may be doing too much work on its main thread.
2026-02-17 14:27:28.091  5169-5169  StoreDownl...teListener ru.m4bank.store                      D  Event: onRemoved, Url: https://vtb.markets.paymob.ru/software/ru.armax.cashbox.paymobF20/paymob-F20-012-0.0.85_signedV2.apk, Id: -1665058066
2026-02-17 14:27:28.092  5169-5169  Descriptio...tBroadcast ru.m4bank.store                      D  AppStatusEventBroadcast onReceive
2026-02-17 14:27:28.092  5169-5169  Descriptio...tBroadcast ru.m4bank.store                      D  onEvent: ru.armax.cashbox.paymobF20 INSTALL_PROCESS
2026-02-17 14:27:28.093  5169-5169  Descriptio...tBroadcast ru.m4bank.store                      D  current app: ru.armax.cashbox.paymobF20 DOWNLOADING
2026-02-17 14:27:28.094  5169-5169  Descriptio...tBroadcast ru.m4bank.store                      D  onEvent: installingVersion: 0.0.81
2026-02-17 14:27:28.095  5169-5169  Descriptio...tBroadcast ru.m4bank.store                      D  setInstalledVersion
2026-02-17 14:27:28.093  1113-1113  Notificati...diaManager com.android.systemui                 D  finishUpdateMediaMetaData metaDataChanged =false,allowEnterAnimation =true
2026-02-17 14:27:28.096  1113-1113  Notificati...diaManager com.android.systemui                 D  finishUpdateMediaMetaData need to hide the album art
2026-02-17 14:27:28.097  5169-5169  DescriptionAppFragment  ru.m4bank.store                      D  STATUS : INSTALL_PROCESS
2026-02-17 14:27:28.097  5169-5169  Descriptio...tBroadcast ru.m4bank.store                      D  AppStatusEventBroadcast onReceive
2026-02-17 14:27:28.098  5169-5169  Descriptio...tBroadcast ru.m4bank.store                      D  onEvent: ru.armax.cashbox.paymobF20 INSTALL_PROCESS
2026-02-17 14:27:28.098  5169-5169  Descriptio...tBroadcast ru.m4bank.store                      D  current app: ru.armax.cashbox.paymobF20 INSTALL_PROCESS
2026-02-17 14:27:28.100  5169-5169  Descriptio...tBroadcast ru.m4bank.store                      D  onEvent: installingVersion: 0.0.81
2026-02-17 14:27:28.100  5169-5169  Descriptio...tBroadcast ru.m4bank.store                      D  setInstalledVersion
2026-02-17 14:27:28.102  5169-5169  DescriptionAppFragment  ru.m4bank.store                      D  STATUS : INSTALL_PROCESS
2026-02-17 14:27:28.111  1113-1113  StatusBar               com.android.systemui                 V  mStatusBarWindow: com.android.systemui.statusbar.phone.StatusBarWindowView{9e831 V.E...... ........ 0,0-720,48} canPanelBeCollapsed(): false expandheight: 0.0
2026-02-17 14:27:28.115   799-844   PackageHelper           system_server                        W  prefer installLocation:1
2026-02-17 14:27:28.141   799-3386  BroadcastQueue          system_server                        D  Add broadcast <BroadcastRecord{7ce7ae6 u0 com.tonyodev.fetch2.action.QUEUE_BACKOFF_RESET}> into [parallel | background], pending size 0
2026-02-17 14:27:28.142   799-827   BroadcastQueue          system_server                        D  Done with parallel broadcast [background] [BroadcastRecord{7ce7ae6 u0 com.tonyodev.fetch2.action.QUEUE_BACKOFF_RESET}]
2026-02-17 14:27:28.190   799-844   PackageManager          system_server                        D  /data/app/vmdl984348463.tmp already staged; skipping copy
2026-02-17 14:27:28.191   799-844   PackageManager          system_server                        D  installPackageLI: args.volumeUuid=null
2026-02-17 14:27:28.191   799-844   PackageManager          system_server                        D  installPackageLI: path=/data/app/vmdl984348463.tmp
2026-02-17 14:27:28.191   799-844   PackageManager          system_server                        D  pms install : parsePackage start
2026-02-17 14:27:28.203   799-844   PackageParser           system_server                        W  Ignoring duplicate uses-permissions/uses-permissions-sdk-m: android.permission.WRITE_EXTERNAL_STORAGE in package: ru.armax.cashbox.paymobF20 at: Binary XML file line #30
2026-02-17 14:27:28.203   799-844   PackageParser           system_server                        W  Ignoring duplicate uses-permissions/uses-permissions-sdk-m: android.permission.ACCESS_NETWORK_STATE in package: ru.armax.cashbox.paymobF20 at: Binary XML file line #31
2026-02-17 14:27:28.204   799-844   PackageParser           system_server                        W  Ignoring duplicate uses-permissions/uses-permissions-sdk-m: android.permission.INTERNET in package: ru.armax.cashbox.paymobF20 at: Binary XML file line #63
2026-02-17 14:27:28.204   799-844   PackageParser           system_server                        W  Ignoring duplicate uses-permissions/uses-permissions-sdk-m: android.permission.CAMERA in package: ru.armax.cashbox.paymobF20 at: Binary XML file line #82
2026-02-17 14:27:28.207   799-844   PackageManager          system_server                        D  pms install : parsePackage end
2026-02-17 14:27:28.207   799-844   PackageManager          system_server                        E  installPackagesLI: tmpPath=/data/app/vmdl984348463.tmp/base.apk
2026-02-17 14:27:28.208   799-844   PackageManager          system_server                        E  installPackagesLI: packageName=ru.armax.cashbox.paymobF20,  ignoreFtverify=true
2026-02-17 14:27:28.208   799-844   PackageManager          system_server                        D  pms install : collectCertificates start
2026-02-17 14:27:28.208   799-844   PackageManager          system_server                        D  pms install : collectCertificates end
2026-02-17 14:27:28.209   799-844   PackageManager          system_server                        D  Replace existing pacakge: ru.armax.cashbox.paymobF20
2026-02-17 14:27:28.209   799-844   PackageManager          system_server                        W  Package ru.armax.cashbox.paymobF20 is a persistent app. Persistent apps are not updateable.
2026-02-17 14:27:28.264   799-844   PackageManager          system_server                        V  restoreAndPostInstall userId=0 package=null
2026-02-17 14:27:28.264   799-844   PackageManager          system_server                        V  + starting restore round-trip 6
2026-02-17 14:27:28.264   799-844   PackageManager          system_server                        V  No restore - queue post-install for 6
2026-02-17 14:27:28.265   799-844   PackageManager          system_server                        V  Handling post-install for 6
2026-02-17 14:27:28.265   470-898   <no-tag>                installd                             E  Couldn't opendir /data/app/vmdl984348463.tmp: No such file or directory
2026-02-17 14:27:28.266   470-898   installd                installd                             E  Failed to delete /data/app/vmdl984348463.tmp: No such file or directory
2026-02-17 14:27:28.267   799-844   PackageManager          system_server                        D  pms install end
2026-02-17 14:27:28.267   799-844   PackageManager          system_server                        E  after pms install to start activity!
2026-02-17 14:27:28.267   799-844   PackageManager          system_server                        D  PackageHandler POST_INSTALL isInstallSucceeded=false, pName=ru.armax.cashbox.paymobF20
2026-02-17 14:27:28.267   799-922   ActivityManager         system_server                        E  Sending non-protected broadcast null from system uid 1000 pkg com.ft.possystemapi.server
                                                                                                    java.lang.Throwable
                                                                                                    	at com.android.server.am.ActivityManagerService.checkBroadcastFromSystem(ActivityManagerService.java:15108)
                                                                                                    	at com.android.server.am.ActivityManagerService.broadcastIntentLocked(ActivityManagerService.java:15748)
                                                                                                    	at com.android.server.am.ActivityManagerService.broadcastIntentInPackage(ActivityManagerService.java:15914)
                                                                                                    	at com.android.server.am.ActivityManagerService$LocalService.broadcastIntentInPackage(ActivityManagerService.java:18559)
                                                                                                    	at com.android.server.am.PendingIntentRecord.sendInner(PendingIntentRecord.java:437)
                                                                                                    	at com.android.server.am.PendingIntentRecord.sendWithResult(PendingIntentRecord.java:276)
                                                                                                    	at com.android.server.am.ActivityManagerService.sendIntentSender(ActivityManagerService.java:5634)
                                                                                                    	at android.content.IntentSender.sendIntent(IntentSender.java:193)
                                                                                                    	at android.content.IntentSender.sendIntent(IntentSender.java:157)
                                                                                                    	at com.android.server.pm.PackageInstallerService$PackageInstallObserverAdapter.onPackageInstalled(PackageInstallerService.java:1112)
                                                                                                    	at android.app.PackageInstallObserver$1.onPackageInstalled(PackageInstallObserver.java:35)
                                                                                                    	at com.android.server.pm.PackageInstallerSession$3.handleMessage(PackageInstallerSession.java:351)
                                                                                                    	at android.os.Handler.dispatchMessage(Handler.java:103)
                                                                                                    	at android.os.Looper.loop(Looper.java:214)
                                                                                                    	at android.os.HandlerThread.run(HandlerThread.java:67)
2026-02-17 14:27:28.270   799-922   DropBoxManagerService   system_server                        I  add tag=system_server_wtf isTagEnabled=true flags=0x2
2026-02-17 14:27:28.273   799-922   BroadcastQueue          system_server                        D  Add broadcast <BroadcastRecord{e5800be u0 null}> into [ordered | background], pending size 0
                                                                                                    Header is BroadcastRecord{e5800be u0 null} now
2026-02-17 14:27:28.279  1369-1369  InstallUtils            com.ft.possystemapi.server           I  onReceive: 
2026-02-17 14:27:28.279  1369-1369  InstallUtils            com.ft.possystemapi.server           E  ru.armax.cashbox.paymobF20 install filed, msg: INSTALL_FAILED_INVALID_APK: Package ru.armax.cashbox.paymobF20 is a persistent app. Persistent apps are not updateable. status:4 code:-2
2026-02-17 14:27:28.280  5169-5192  FeitianTerminalManager  ru.m4bank.store                      D  getInstallResult packageName: ru.armax.cashbox.paymobF20 isSuccess: false
2026-02-17 14:27:28.280  5169-5192  TerminalManager         ru.m4bank.store                      I  handleFailedInstall: ru.armax.cashbox.paymobF20 unknown install error
2026-02-17 14:27:28.281  5169-5192  AppStatusSender         ru.m4bank.store                      D  sendStatus
2026-02-17 14:27:28.281  5169-5192  AppStatusSender         ru.m4bank.store                      D  sendStatus ru.armax.cashbox.paymobF20 INSTALLATION_ERROR
2026-02-17 14:27:28.282  5169-5169  Descriptio...tBroadcast ru.m4bank.store                      D  AppStatusEventBroadcast onReceive
2026-02-17 14:27:28.282  5169-5169  Descriptio...tBroadcast ru.m4bank.store                      D  onEvent: ru.armax.cashbox.paymobF20 INSTALLATION_ERROR
2026-02-17 14:27:28.282  5169-5169  Descriptio...tBroadcast ru.m4bank.store                      D  current app: ru.armax.cashbox.paymobF20 INSTALL_PROCESS
2026-02-17 14:27:28.284  5169-5169  Descriptio...tBroadcast ru.m4bank.store                      D  onEvent: installingVersion: 0.0.81
2026-02-17 14:27:28.284  5169-5169  Descriptio...tBroadcast ru.m4bank.store                      D  setInstalledVersion
2026-02-17 14:27:28.286  5169-5169  DescriptionAppFragment  ru.m4bank.store                      D  STATUS : INSTALLATION_ERROR
2026-02-17 14:27:28.288  5169-5169  DescriptionAppFragment  ru.m4bank.store                      D  setVisibilityProgressWithDelay
2026-02-17 14:27:28.298  5169-5192  InstallCallbackImpl     ru.m4bank.store                      E  onInstallError: Package ru.armax.cashbox.paymobF20 failed to install. Reason: unknown install error
2026-02-17 14:27:28.298  5169-5192  ErrorInstallAppManager  ru.m4bank.store                      D  save app with error: ru.armax.cashbox.paymobF20
2026-02-17 14:27:28.307  5169-5192  ErrorInstallAppManager  ru.m4bank.store                      D  save list (from 1 apps) to base
2026-02-17 14:27:28.312  5169-5192  InstallCallbackImpl     ru.m4bank.store                      D  setAppStatus: INSTALLATION_ERROR
2026-02-17 14:27:28.325  5169-5192  AppStatusSender         ru.m4bank.store                      D  sendStatus
2026-02-17 14:27:28.325  5169-5192  AppStatusSender         ru.m4bank.store                      D  sendStatus ru.armax.cashbox.paymobF20 INSTALLATION_ERROR
2026-02-17 14:27:28.326  1369-1369  PosSysApi               com.ft.possystemapi.server           D  getInstallResult: pkgName=ru.armax.cashbox.paymobF20, isSuccess=false
2026-02-17 14:27:28.326  5169-5169  Descriptio...tBroadcast ru.m4bank.store                      D  AppStatusEventBroadcast onReceive
2026-02-17 14:27:28.326  5169-5169  Descriptio...tBroadcast ru.m4bank.store                      D  onEvent: ru.armax.cashbox.paymobF20 INSTALLATION_ERROR
2026-02-17 14:27:28.326   799-3386  BroadcastQueue          system_server                        D  Finished with ordered broadcast BroadcastRecord{e5800be u0 null} receivers:(1) take 53ms in [background], remains -1
2026-02-17 14:27:28.327  5169-5169  Descriptio...tBroadcast ru.m4bank.store                      D  current app: ru.armax.cashbox.paymobF20 INSTALLATION_ERROR
2026-02-17 14:27:28.328  5169-5169  Descriptio...tBroadcast ru.m4bank.store                      D  onEvent: installingVersion: 0.0.81
2026-02-17 14:27:28.329  5169-5169  Descriptio...tBroadcast ru.m4bank.store                      D  setInstalledVersion
2026-02-17 14:27:28.330  5169-5169  DescriptionAppFragment  ru.m4bank.store                      D  STATUS : INSTALLATION_ERROR
2026-02-17 14:27:28.332  5169-5169  DescriptionAppFragment  ru.m4bank.store                      D  setVisibilityProgressWithDelay
2026-02-17 14:27:28.362   535-562   WCND                    connmgr                              D  is_cp2_alive_ok: open polling interface: /proc/mdbg/loopcheck, fd = 14
2026-02-17 14:27:28.463   535-562   WCND                    connmgr                              D  is_cp2_alive_ok: loop: /proc/mdbg/loopcheck is OK
2026-02-17 14:27:28.949  1113-1552  GpioCtrl                com.android.systemui                 I  getGpioState fd=96
2026-02-17 14:27:28.949  1113-1552  GpioCtrl                com.android.systemui                 I  getGpioState=0
